<!doctype html public "-//w3c//dtd html 4.0 transitional//en">
<html><head>
<title>Static Call Graph - [.\Objects\gui_lcd_mcu.axf]</title></head>
<body><HR>
<H1>Static Call Graph for image .\Objects\gui_lcd_mcu.axf</H1><HR>
<BR><P>#&#060CALLGRAPH&#062# ARM Linker, 5060960: Last Updated: Mon Aug 05 08:37:45 2024
<BR><P>
<H3>Maximum Stack Usage =       9400 bytes + Unknown(Cycles, Untraceable Function Pointers)</H3><H3>
Call chain for Maximum Stack Depth:</H3>
main &rArr; application &rArr; copy_file_to_qspi_flash &rArr; f_open &rArr; follow_path &rArr; dir_next &rArr; create_chain &rArr; put_fat &rArr; move_window &rArr; sync_window &rArr; disk_write &rArr; sd_write_disk &rArr; sd_mult_blocks_write &rArr; sdio_command_data_send &rArr; sd_init &rArr; speed_change &rArr; sd_switch &rArr;  sdio_command_data_send (Cycle)
<P>
<H3>
Mutually Recursive functions
</H3> <LI><a href="#[60]">ACC_IRQHandler</a>&nbsp;&nbsp;&nbsp;&rArr;&nbsp;&nbsp;&nbsp;<a href="#[60]">ACC_IRQHandler</a><BR>
 <LI><a href="#[6]">BusFault_Handler</a>&nbsp;&nbsp;&nbsp;&rArr;&nbsp;&nbsp;&nbsp;<a href="#[6]">BusFault_Handler</a><BR>
 <LI><a href="#[4]">HardFault_Handler</a>&nbsp;&nbsp;&nbsp;&rArr;&nbsp;&nbsp;&nbsp;<a href="#[4]">HardFault_Handler</a><BR>
 <LI><a href="#[5]">MemManage_Handler</a>&nbsp;&nbsp;&nbsp;&rArr;&nbsp;&nbsp;&nbsp;<a href="#[5]">MemManage_Handler</a><BR>
 <LI><a href="#[7]">UsageFault_Handler</a>&nbsp;&nbsp;&nbsp;&rArr;&nbsp;&nbsp;&nbsp;<a href="#[7]">UsageFault_Handler</a><BR>
 <LI><a href="#[199]">_gt_event_send_kernel</a>&nbsp;&nbsp;&nbsp;&rArr;&nbsp;&nbsp;&nbsp;<a href="#[199]">_gt_event_send_kernel</a><BR>
 <LI><a href="#[143]">_destroy_and_free_children</a>&nbsp;&nbsp;&nbsp;&rArr;&nbsp;&nbsp;&nbsp;<a href="#[143]">_destroy_and_free_children</a><BR>
 <LI><a href="#[1c3]">_gt_obj_foreach_clicked</a>&nbsp;&nbsp;&nbsp;&rArr;&nbsp;&nbsp;&nbsp;<a href="#[1c3]">_gt_obj_foreach_clicked</a><BR>
 <LI><a href="#[165]">_find_showing_recursive_by_type</a>&nbsp;&nbsp;&nbsp;&rArr;&nbsp;&nbsp;&nbsp;<a href="#[165]">_find_showing_recursive_by_type</a><BR>
 <LI><a href="#[1c7]">_gt_obj_prev_focus_get</a>&nbsp;&nbsp;&nbsp;&rArr;&nbsp;&nbsp;&nbsp;<a href="#[1c7]">_gt_obj_prev_focus_get</a><BR>
 <LI><a href="#[1c6]">_gt_obj_next_focus_get</a>&nbsp;&nbsp;&nbsp;&rArr;&nbsp;&nbsp;&nbsp;<a href="#[1c6]">_gt_obj_next_focus_get</a><BR>
 <LI><a href="#[1c2]">_gt_obj_focus_clicked</a>&nbsp;&nbsp;&nbsp;&rArr;&nbsp;&nbsp;&nbsp;<a href="#[1c2]">_gt_obj_focus_clicked</a><BR>
 <LI><a href="#[1c5]">_gt_obj_move_child_by</a>&nbsp;&nbsp;&nbsp;&rArr;&nbsp;&nbsp;&nbsp;<a href="#[1c5]">_gt_obj_move_child_by</a><BR>
 <LI><a href="#[1fa]">_row_grow_inside_invert</a>&nbsp;&nbsp;&nbsp;&rArr;&nbsp;&nbsp;&nbsp;<a href="#[1fa]">_row_grow_inside_invert</a><BR>
 <LI><a href="#[1f5]">_row_grow_inside</a>&nbsp;&nbsp;&nbsp;&rArr;&nbsp;&nbsp;&nbsp;<a href="#[1f5]">_row_grow_inside</a><BR>
 <LI><a href="#[1be]">gt_obj_child_set_prop</a>&nbsp;&nbsp;&nbsp;&rArr;&nbsp;&nbsp;&nbsp;<a href="#[1be]">gt_obj_child_set_prop</a><BR>
 <LI><a href="#[118]">_calc_max_area_recursive</a>&nbsp;&nbsp;&nbsp;&rArr;&nbsp;&nbsp;&nbsp;<a href="#[118]">_calc_max_area_recursive</a><BR>
 <LI><a href="#[122]">_check_and_copy_foreach</a>&nbsp;&nbsp;&nbsp;&rArr;&nbsp;&nbsp;&nbsp;<a href="#[122]">_check_and_copy_foreach</a><BR>
 <LI><a href="#[394]">sd_switch</a>&nbsp;&nbsp;&nbsp;&rArr;&nbsp;&nbsp;&nbsp;<a href="#[374]">sdio_command_data_send</a><BR>
 <LI><a href="#[239]">color_tree_cleanup</a>&nbsp;&nbsp;&nbsp;&rArr;&nbsp;&nbsp;&nbsp;<a href="#[239]">color_tree_cleanup</a><BR>
</UL>
<P>
<H3>
Function Pointers
</H3><UL>
 <LI><a href="#[60]">ACC_IRQHandler</a> from startup_at32f435_437.o(.text) referenced from startup_at32f435_437.o(RESET)
 <LI><a href="#[1e]">ADC1_2_3_IRQHandler</a> from startup_at32f435_437.o(.text) referenced from startup_at32f435_437.o(RESET)
 <LI><a href="#[6]">BusFault_Handler</a> from at32f435_437_int.o(i.BusFault_Handler) referenced from startup_at32f435_437.o(RESET)
 <LI><a href="#[20]">CAN1_RX0_IRQHandler</a> from startup_at32f435_437.o(.text) referenced from startup_at32f435_437.o(RESET)
 <LI><a href="#[21]">CAN1_RX1_IRQHandler</a> from startup_at32f435_437.o(.text) referenced from startup_at32f435_437.o(RESET)
 <LI><a href="#[22]">CAN1_SE_IRQHandler</a> from startup_at32f435_437.o(.text) referenced from startup_at32f435_437.o(RESET)
 <LI><a href="#[1f]">CAN1_TX_IRQHandler</a> from startup_at32f435_437.o(.text) referenced from startup_at32f435_437.o(RESET)
 <LI><a href="#[4c]">CAN2_RX0_IRQHandler</a> from startup_at32f435_437.o(.text) referenced from startup_at32f435_437.o(RESET)
 <LI><a href="#[4d]">CAN2_RX1_IRQHandler</a> from startup_at32f435_437.o(.text) referenced from startup_at32f435_437.o(RESET)
 <LI><a href="#[4e]">CAN2_SE_IRQHandler</a> from startup_at32f435_437.o(.text) referenced from startup_at32f435_437.o(RESET)
 <LI><a href="#[4b]">CAN2_TX_IRQHandler</a> from startup_at32f435_437.o(.text) referenced from startup_at32f435_437.o(RESET)
 <LI><a href="#[11]">CRM_IRQHandler</a> from startup_at32f435_437.o(.text) referenced from startup_at32f435_437.o(RESET)
 <LI><a href="#[44]">DMA1_Channel1_IRQHandler</a> from startup_at32f435_437.o(.text) referenced from startup_at32f435_437.o(RESET)
 <LI><a href="#[45]">DMA1_Channel2_IRQHandler</a> from startup_at32f435_437.o(.text) referenced from startup_at32f435_437.o(RESET)
 <LI><a href="#[46]">DMA1_Channel3_IRQHandler</a> from startup_at32f435_437.o(.text) referenced from startup_at32f435_437.o(RESET)
 <LI><a href="#[47]">DMA1_Channel4_IRQHandler</a> from startup_at32f435_437.o(.text) referenced from startup_at32f435_437.o(RESET)
 <LI><a href="#[48]">DMA1_Channel5_IRQHandler</a> from startup_at32f435_437.o(.text) referenced from startup_at32f435_437.o(RESET)
 <LI><a href="#[50]">DMA1_Channel6_IRQHandler</a> from startup_at32f435_437.o(.text) referenced from startup_at32f435_437.o(RESET)
 <LI><a href="#[51]">DMA1_Channel7_IRQHandler</a> from startup_at32f435_437.o(.text) referenced from startup_at32f435_437.o(RESET)
 <LI><a href="#[65]">DMA2_Channel1_IRQHandler</a> from startup_at32f435_437.o(.text) referenced from startup_at32f435_437.o(RESET)
 <LI><a href="#[66]">DMA2_Channel2_IRQHandler</a> from startup_at32f435_437.o(.text) referenced from startup_at32f435_437.o(RESET)
 <LI><a href="#[67]">DMA2_Channel3_IRQHandler</a> from startup_at32f435_437.o(.text) referenced from startup_at32f435_437.o(RESET)
 <LI><a href="#[68]">DMA2_Channel4_IRQHandler</a> from startup_at32f435_437.o(.text) referenced from startup_at32f435_437.o(RESET)
 <LI><a href="#[69]">DMA2_Channel5_IRQHandler</a> from startup_at32f435_437.o(.text) referenced from startup_at32f435_437.o(RESET)
 <LI><a href="#[6a]">DMA2_Channel6_IRQHandler</a> from startup_at32f435_437.o(.text) referenced from startup_at32f435_437.o(RESET)
 <LI><a href="#[6b]">DMA2_Channel7_IRQHandler</a> from startup_at32f435_437.o(.text) referenced from startup_at32f435_437.o(RESET)
 <LI><a href="#[5e]">DMAMUX_IRQHandler</a> from startup_at32f435_437.o(.text) referenced from startup_at32f435_437.o(RESET)
 <LI><a href="#[57]">DVP_IRQHandler</a> from startup_at32f435_437.o(.text) referenced from startup_at32f435_437.o(RESET)
 <LI><a href="#[9]">DebugMon_Handler</a> from at32f435_437_int.o(i.DebugMon_Handler) referenced from startup_at32f435_437.o(RESET)
 <LI><a href="#[17]">EDMA_Stream1_IRQHandler</a> from startup_at32f435_437.o(.text) referenced from startup_at32f435_437.o(RESET)
 <LI><a href="#[18]">EDMA_Stream2_IRQHandler</a> from startup_at32f435_437.o(.text) referenced from startup_at32f435_437.o(RESET)
 <LI><a href="#[19]">EDMA_Stream3_IRQHandler</a> from startup_at32f435_437.o(.text) referenced from startup_at32f435_437.o(RESET)
 <LI><a href="#[1a]">EDMA_Stream4_IRQHandler</a> from startup_at32f435_437.o(.text) referenced from startup_at32f435_437.o(RESET)
 <LI><a href="#[1b]">EDMA_Stream5_IRQHandler</a> from startup_at32f435_437.o(.text) referenced from startup_at32f435_437.o(RESET)
 <LI><a href="#[1c]">EDMA_Stream6_IRQHandler</a> from startup_at32f435_437.o(.text) referenced from startup_at32f435_437.o(RESET)
 <LI><a href="#[1d]">EDMA_Stream7_IRQHandler</a> from startup_at32f435_437.o(.text) referenced from startup_at32f435_437.o(RESET)
 <LI><a href="#[3b]">EDMA_Stream8_IRQHandler</a> from startup_at32f435_437.o(.text) referenced from startup_at32f435_437.o(RESET)
 <LI><a href="#[49]">EMAC_IRQHandler</a> from startup_at32f435_437.o(.text) referenced from startup_at32f435_437.o(RESET)
 <LI><a href="#[4a]">EMAC_WKUP_IRQHandler</a> from startup_at32f435_437.o(.text) referenced from startup_at32f435_437.o(RESET)
 <LI><a href="#[35]">ERTCAlarm_IRQHandler</a> from startup_at32f435_437.o(.text) referenced from startup_at32f435_437.o(RESET)
 <LI><a href="#[f]">ERTC_WKUP_IRQHandler</a> from startup_at32f435_437.o(.text) referenced from startup_at32f435_437.o(RESET)
 <LI><a href="#[12]">EXINT0_IRQHandler</a> from startup_at32f435_437.o(.text) referenced from startup_at32f435_437.o(RESET)
 <LI><a href="#[34]">EXINT15_10_IRQHandler</a> from startup_at32f435_437.o(.text) referenced from startup_at32f435_437.o(RESET)
 <LI><a href="#[13]">EXINT1_IRQHandler</a> from startup_at32f435_437.o(.text) referenced from startup_at32f435_437.o(RESET)
 <LI><a href="#[14]">EXINT2_IRQHandler</a> from startup_at32f435_437.o(.text) referenced from startup_at32f435_437.o(RESET)
 <LI><a href="#[15]">EXINT3_IRQHandler</a> from startup_at32f435_437.o(.text) referenced from startup_at32f435_437.o(RESET)
 <LI><a href="#[16]">EXINT4_IRQHandler</a> from startup_at32f435_437.o(.text) referenced from startup_at32f435_437.o(RESET)
 <LI><a href="#[23]">EXINT9_5_IRQHandler</a> from startup_at32f435_437.o(.text) referenced from startup_at32f435_437.o(RESET)
 <LI><a href="#[10]">FLASH_IRQHandler</a> from startup_at32f435_437.o(.text) referenced from startup_at32f435_437.o(RESET)
 <LI><a href="#[58]">FPU_IRQHandler</a> from startup_at32f435_437.o(.text) referenced from startup_at32f435_437.o(RESET)
 <LI><a href="#[b7]">GT_GetVec</a> from gt_gui_driver.o(.text) referenced from gt_gui_driver.o(.rodata.gt_get_font_func)
 <LI><a href="#[4]">HardFault_Handler</a> from at32f435_437_int.o(i.HardFault_Handler) referenced from startup_at32f435_437.o(RESET)
 <LI><a href="#[2c]">I2C1_ERR_IRQHandler</a> from startup_at32f435_437.o(.text) referenced from startup_at32f435_437.o(RESET)
 <LI><a href="#[2b]">I2C1_EVT_IRQHandler</a> from startup_at32f435_437.o(.text) referenced from startup_at32f435_437.o(RESET)
 <LI><a href="#[2e]">I2C2_ERR_IRQHandler</a> from startup_at32f435_437.o(.text) referenced from startup_at32f435_437.o(RESET)
 <LI><a href="#[2d]">I2C2_EVT_IRQHandler</a> from startup_at32f435_437.o(.text) referenced from startup_at32f435_437.o(RESET)
 <LI><a href="#[54]">I2C3_ERR_IRQHandler</a> from startup_at32f435_437.o(.text) referenced from startup_at32f435_437.o(RESET)
 <LI><a href="#[53]">I2C3_EVT_IRQHandler</a> from startup_at32f435_437.o(.text) referenced from startup_at32f435_437.o(RESET)
 <LI><a href="#[5]">MemManage_Handler</a> from at32f435_437_int.o(i.MemManage_Handler) referenced from startup_at32f435_437.o(RESET)
 <LI><a href="#[3]">NMI_Handler</a> from at32f435_437_int.o(i.NMI_Handler) referenced from startup_at32f435_437.o(RESET)
 <LI><a href="#[4f]">OTGFS1_IRQHandler</a> from startup_at32f435_437.o(.text) referenced from startup_at32f435_437.o(RESET)
 <LI><a href="#[36]">OTGFS1_WKUP_IRQHandler</a> from startup_at32f435_437.o(.text) referenced from startup_at32f435_437.o(RESET)
 <LI><a href="#[56]">OTGFS2_IRQHandler</a> from startup_at32f435_437.o(.text) referenced from startup_at32f435_437.o(RESET)
 <LI><a href="#[55]">OTGFS2_WKUP_IRQHandler</a> from startup_at32f435_437.o(.text) referenced from startup_at32f435_437.o(RESET)
 <LI><a href="#[d]">PVM_IRQHandler</a> from startup_at32f435_437.o(.text) referenced from startup_at32f435_437.o(RESET)
 <LI><a href="#[a]">PendSV_Handler</a> from at32f435_437_int.o(i.PendSV_Handler) referenced from startup_at32f435_437.o(RESET)
 <LI><a href="#[5d]">QSPI1_IRQHandler</a> from startup_at32f435_437.o(.text) referenced from startup_at32f435_437.o(RESET)
 <LI><a href="#[5c]">QSPI2_IRQHandler</a> from startup_at32f435_437.o(.text) referenced from startup_at32f435_437.o(RESET)
 <LI><a href="#[2]">Reset_Handler</a> from startup_at32f435_437.o(.text) referenced from startup_at32f435_437.o(RESET)
 <LI><a href="#[3d]">SDIO1_IRQHandler</a> from at_surf_f437_board_sd_card.o(i.SDIO1_IRQHandler) referenced from startup_at32f435_437.o(RESET)
 <LI><a href="#[5f]">SDIO2_IRQHandler</a> from at_surf_f437_board_sd_card.o(i.SDIO2_IRQHandler) referenced from startup_at32f435_437.o(RESET)
 <LI><a href="#[2f]">SPI1_IRQHandler</a> from startup_at32f435_437.o(.text) referenced from startup_at32f435_437.o(RESET)
 <LI><a href="#[30]">SPI2_I2S2EXT_IRQHandler</a> from startup_at32f435_437.o(.text) referenced from startup_at32f435_437.o(RESET)
 <LI><a href="#[3f]">SPI3_I2S3EXT_IRQHandler</a> from startup_at32f435_437.o(.text) referenced from startup_at32f435_437.o(RESET)
 <LI><a href="#[5b]">SPI4_IRQHandler</a> from startup_at32f435_437.o(.text) referenced from startup_at32f435_437.o(RESET)
 <LI><a href="#[8]">SVC_Handler</a> from at32f435_437_int.o(i.SVC_Handler) referenced from startup_at32f435_437.o(RESET)
 <LI><a href="#[70]">ScanDownLeft</a> from gt_gui_driver.o(.text) referenced from gt_gui_driver.o(.text)
 <LI><a href="#[74]">ScanDownLeft_V</a> from gt_gui_driver.o(.text) referenced from gt_gui_driver.o(.text)
 <LI><a href="#[6f]">ScanDownRight</a> from gt_gui_driver.o(.text) referenced from gt_gui_driver.o(.text)
 <LI><a href="#[73]">ScanDownRight_V</a> from gt_gui_driver.o(.text) referenced from gt_gui_driver.o(.text)
 <LI><a href="#[71]">ScanUpperLeft</a> from gt_gui_driver.o(.text) referenced from gt_gui_driver.o(.text)
 <LI><a href="#[75]">ScanUpperLeft_V</a> from gt_gui_driver.o(.text) referenced from gt_gui_driver.o(.text)
 <LI><a href="#[72]">ScanUpperRight</a> from gt_gui_driver.o(.text) referenced 2 times from gt_gui_driver.o(.text)
 <LI><a href="#[76]">ScanUpperRight_V</a> from gt_gui_driver.o(.text) referenced 2 times from gt_gui_driver.o(.text)
 <LI><a href="#[b]">SysTick_Handler</a> from at32f435_437_int.o(i.SysTick_Handler) referenced from startup_at32f435_437.o(RESET)
 <LI><a href="#[6d]">SystemInit</a> from system_at32f435_437.o(i.SystemInit) referenced from startup_at32f435_437.o(.text)
 <LI><a href="#[e]">TAMP_STAMP_IRQHandler</a> from startup_at32f435_437.o(.text) referenced from startup_at32f435_437.o(RESET)
 <LI><a href="#[24]">TMR1_BRK_TMR9_IRQHandler</a> from startup_at32f435_437.o(.text) referenced from startup_at32f435_437.o(RESET)
 <LI><a href="#[27]">TMR1_CH_IRQHandler</a> from startup_at32f435_437.o(.text) referenced from startup_at32f435_437.o(RESET)
 <LI><a href="#[25]">TMR1_OVF_TMR10_IRQHandler</a> from startup_at32f435_437.o(.text) referenced from startup_at32f435_437.o(RESET)
 <LI><a href="#[26]">TMR1_TRG_HALL_TMR11_IRQHandler</a> from startup_at32f435_437.o(.text) referenced from startup_at32f435_437.o(RESET)
 <LI><a href="#[61]">TMR20_BRK_IRQHandler</a> from startup_at32f435_437.o(.text) referenced from startup_at32f435_437.o(RESET)
 <LI><a href="#[64]">TMR20_CH_IRQHandler</a> from startup_at32f435_437.o(.text) referenced from startup_at32f435_437.o(RESET)
 <LI><a href="#[62]">TMR20_OVF_IRQHandler</a> from startup_at32f435_437.o(.text) referenced from startup_at32f435_437.o(RESET)
 <LI><a href="#[63]">TMR20_TRG_HALL_IRQHandler</a> from startup_at32f435_437.o(.text) referenced from startup_at32f435_437.o(RESET)
 <LI><a href="#[28]">TMR2_GLOBAL_IRQHandler</a> from startup_at32f435_437.o(.text) referenced from startup_at32f435_437.o(RESET)
 <LI><a href="#[29]">TMR3_GLOBAL_IRQHandler</a> from startup_at32f435_437.o(.text) referenced from startup_at32f435_437.o(RESET)
 <LI><a href="#[2a]">TMR4_GLOBAL_IRQHandler</a> from startup_at32f435_437.o(.text) referenced from startup_at32f435_437.o(RESET)
 <LI><a href="#[3e]">TMR5_GLOBAL_IRQHandler</a> from startup_at32f435_437.o(.text) referenced from startup_at32f435_437.o(RESET)
 <LI><a href="#[42]">TMR6_DAC_GLOBAL_IRQHandler</a> from startup_at32f435_437.o(.text) referenced from startup_at32f435_437.o(RESET)
 <LI><a href="#[43]">TMR7_GLOBAL_IRQHandler</a> from startup_at32f435_437.o(.text) referenced from startup_at32f435_437.o(RESET)
 <LI><a href="#[37]">TMR8_BRK_TMR12_IRQHandler</a> from startup_at32f435_437.o(.text) referenced from startup_at32f435_437.o(RESET)
 <LI><a href="#[3a]">TMR8_CH_IRQHandler</a> from startup_at32f435_437.o(.text) referenced from startup_at32f435_437.o(RESET)
 <LI><a href="#[38]">TMR8_OVF_TMR13_IRQHandler</a> from startup_at32f435_437.o(.text) referenced from startup_at32f435_437.o(RESET)
 <LI><a href="#[39]">TMR8_TRG_HALL_TMR14_IRQHandler</a> from startup_at32f435_437.o(.text) referenced from startup_at32f435_437.o(RESET)
 <LI><a href="#[40]">UART4_IRQHandler</a> from startup_at32f435_437.o(.text) referenced from startup_at32f435_437.o(RESET)
 <LI><a href="#[41]">UART5_IRQHandler</a> from startup_at32f435_437.o(.text) referenced from startup_at32f435_437.o(RESET)
 <LI><a href="#[59]">UART7_IRQHandler</a> from startup_at32f435_437.o(.text) referenced from startup_at32f435_437.o(RESET)
 <LI><a href="#[5a]">UART8_IRQHandler</a> from startup_at32f435_437.o(.text) referenced from startup_at32f435_437.o(RESET)
 <LI><a href="#[31]">USART1_IRQHandler</a> from bsp_uart.o(i.USART1_IRQHandler) referenced from startup_at32f435_437.o(RESET)
 <LI><a href="#[32]">USART2_IRQHandler</a> from startup_at32f435_437.o(.text) referenced from startup_at32f435_437.o(RESET)
 <LI><a href="#[33]">USART3_IRQHandler</a> from startup_at32f435_437.o(.text) referenced from startup_at32f435_437.o(RESET)
 <LI><a href="#[52]">USART6_IRQHandler</a> from startup_at32f435_437.o(.text) referenced from startup_at32f435_437.o(RESET)
 <LI><a href="#[7]">UsageFault_Handler</a> from at32f435_437_int.o(i.UsageFault_Handler) referenced from startup_at32f435_437.o(RESET)
 <LI><a href="#[c]">WWDT_IRQHandler</a> from startup_at32f435_437.o(.text) referenced from startup_at32f435_437.o(RESET)
 <LI><a href="#[3c]">XMC_IRQHandler</a> from startup_at32f435_437.o(.text) referenced from startup_at32f435_437.o(RESET)
 <LI><a href="#[6e]">__main</a> from entry.o(.ARM.Collect$$$$00000000) referenced from startup_at32f435_437.o(.text)
 <LI><a href="#[a3]">_close_cb</a> from gt_hal_src.o(i._close_cb) referenced from gt_hal_src.o(i.gt_src_init)
 <LI><a href="#[a8]">_close_cb</a> from gt_hal_vf.o(i._close_cb) referenced from gt_hal_vf.o(i.gt_vf_init)
 <LI><a href="#[ae]">_deinit_cb</a> from gt_img.o(i._deinit_cb) referenced 2 times from gt_img.o(.constdata)
 <LI><a href="#[9d]">_equal_current_id_cb</a> from gt_scr_stack.o(i._equal_current_id_cb) referenced from gt_scr_stack.o(i.gt_scr_stack_has_before)
 <LI><a href="#[af]">_event_cb</a> from gt_img.o(i._event_cb) referenced 2 times from gt_img.o(.constdata)
 <LI><a href="#[98]">_flush_cb</a> from main.o(i._flush_cb) referenced from gt_port_disp.o(i.gt_port_disp_init)
 <LI><a href="#[9c]">_free_alive_scr_object_cb</a> from gt_scr_stack.o(i._free_alive_scr_object_cb) referenced from gt_scr_stack.o(i.gt_scr_stack_clear)
 <LI><a href="#[86]">_gt_anim_path_bounce</a> from gt_anim.o(i._gt_anim_path_bounce) referenced from gt_anim.o(i.gt_anim_set_path_type)
 <LI><a href="#[82]">_gt_anim_path_ease_in</a> from gt_anim.o(i._gt_anim_path_ease_in) referenced from gt_anim.o(i.gt_anim_set_path_type)
 <LI><a href="#[84]">_gt_anim_path_ease_in_out</a> from gt_anim.o(i._gt_anim_path_ease_in_out) referenced from gt_anim.o(i.gt_anim_set_path_type)
 <LI><a href="#[83]">_gt_anim_path_ease_out</a> from gt_anim.o(i._gt_anim_path_ease_out) referenced from gt_anim.o(i.gt_anim_set_path_type)
 <LI><a href="#[81]">_gt_anim_path_linear</a> from gt_anim.o(i._gt_anim_path_linear) referenced from gt_anim.o(i.gt_anim_init)
 <LI><a href="#[81]">_gt_anim_path_linear</a> from gt_anim.o(i._gt_anim_path_linear) referenced from gt_anim.o(i.gt_anim_set_path_type)
 <LI><a href="#[85]">_gt_anim_path_overshoot</a> from gt_anim.o(i._gt_anim_path_overshoot) referenced from gt_anim.o(i.gt_anim_set_path_type)
 <LI><a href="#[87]">_gt_anim_path_step</a> from gt_anim.o(i._gt_anim_path_step) referenced from gt_anim.o(i.gt_anim_set_path_type)
 <LI><a href="#[79]">_gt_anim_task_handler</a> from gt_anim.o(i._gt_anim_task_handler) referenced from gt_anim.o(i._gt_anim_core_init)
 <LI><a href="#[88]">_gt_disp_task_handler</a> from gt_hal_disp.o(i._gt_disp_task_handler) referenced from gt_hal_disp.o(i.gt_disp_drv_register)
 <LI><a href="#[7d]">_gt_img_decoder_built_in_close</a> from gt_img_decoder.o(i._gt_img_decoder_built_in_close) referenced from gt_img_decoder.o(i._gt_img_decoder_init)
 <LI><a href="#[7a]">_gt_img_decoder_built_in_info</a> from gt_img_decoder.o(i._gt_img_decoder_built_in_info) referenced from gt_img_decoder.o(i._gt_img_decoder_init)
 <LI><a href="#[7b]">_gt_img_decoder_built_in_open</a> from gt_img_decoder.o(i._gt_img_decoder_built_in_open) referenced from gt_img_decoder.o(i._gt_img_decoder_init)
 <LI><a href="#[7c]">_gt_img_decoder_built_in_read_line</a> from gt_img_decoder.o(i._gt_img_decoder_built_in_read_line) referenced from gt_img_decoder.o(i._gt_img_decoder_init)
 <LI><a href="#[90]">_gt_obj_destroy_handler_cb</a> from gt_obj.o(i._gt_obj_destroy_handler_cb) referenced from gt_obj.o(i.gt_obj_destroy)
 <LI><a href="#[97]">_gt_png_close</a> from gt_png.o(i._gt_png_close) referenced from gt_png.o(i.gt_png_init)
 <LI><a href="#[94]">_gt_png_info</a> from gt_png.o(i._gt_png_info) referenced from gt_png.o(i.gt_png_init)
 <LI><a href="#[95]">_gt_png_open</a> from gt_png.o(i._gt_png_open) referenced from gt_png.o(i.gt_png_init)
 <LI><a href="#[96]">_gt_png_read_line</a> from gt_png.o(i._gt_png_read_line) referenced from gt_png.o(i.gt_png_init)
 <LI><a href="#[a1]">_gt_sjpg_close</a> from gt_sjpg.o(i._gt_sjpg_close) referenced from gt_sjpg.o(i.gt_sjpg_init)
 <LI><a href="#[9e]">_gt_sjpg_info</a> from gt_sjpg.o(i._gt_sjpg_info) referenced from gt_sjpg.o(i.gt_sjpg_init)
 <LI><a href="#[9f]">_gt_sjpg_open</a> from gt_sjpg.o(i._gt_sjpg_open) referenced from gt_sjpg.o(i.gt_sjpg_init)
 <LI><a href="#[a0]">_gt_sjpg_read_line</a> from gt_sjpg.o(i._gt_sjpg_read_line) referenced from gt_sjpg.o(i.gt_sjpg_init)
 <LI><a href="#[7f]">_indev_scroll_throw_exec_cb</a> from gt_indev.o(i._indev_scroll_throw_exec_cb) referenced from gt_indev.o(i._indev_scroll_throw_handler_anim_start)
 <LI><a href="#[80]">_indev_scroll_throw_ready_cb</a> from gt_indev.o(i._indev_scroll_throw_ready_cb) referenced from gt_indev.o(i._indev_scroll_throw_handler_anim_start)
 <LI><a href="#[ad]">_init_cb</a> from gt_img.o(i._init_cb) referenced 3 times from gt_img.o(.constdata)
 <LI><a href="#[b1]">_obj_event_cb</a> from gt_obj.o(i._obj_event_cb) referenced from gt_obj.o(.constdata)
 <LI><a href="#[8a]">_old_scr_anim_ready_cb</a> from gt_disp.o(i._old_scr_anim_ready_cb) referenced from gt_disp.o(i.gt_disp_load_scr_anim)
 <LI><a href="#[a2]">_open_cb</a> from gt_hal_src.o(i._open_cb) referenced from gt_hal_src.o(i.gt_src_init)
 <LI><a href="#[a7]">_open_cb</a> from gt_hal_vf.o(i._open_cb) referenced from gt_hal_vf.o(i.gt_vf_init)
 <LI><a href="#[a4]">_read_cb</a> from gt_hal_src.o(i._read_cb) referenced from gt_hal_src.o(i.gt_src_init)
 <LI><a href="#[a9]">_read_cb</a> from gt_hal_vf.o(i._read_cb) referenced from gt_hal_vf.o(i.gt_vf_init)
 <LI><a href="#[89]">_scr_anim_del_ready_cb</a> from gt_disp.o(i._scr_anim_del_ready_cb) referenced from gt_disp.o(i.gt_disp_load_scr_anim)
 <LI><a href="#[8d]">_scr_anim_exec_x_cb</a> from gt_disp.o(i._scr_anim_exec_x_cb) referenced from gt_disp.o(i.gt_disp_load_scr_anim)
 <LI><a href="#[8e]">_scr_anim_exec_y_cb</a> from gt_disp.o(i._scr_anim_exec_y_cb) referenced from gt_disp.o(i.gt_disp_load_scr_anim)
 <LI><a href="#[8c]">_scr_anim_ready_cb</a> from gt_disp.o(i._scr_anim_ready_cb) referenced from gt_disp.o(i.gt_disp_load_scr_anim)
 <LI><a href="#[8b]">_scr_anim_start_cb</a> from gt_disp.o(i._scr_anim_start_cb) referenced from gt_disp.o(i.gt_disp_load_scr_anim)
 <LI><a href="#[b2]">_screen_event_cb</a> from gt_obj.o(i._screen_event_cb) referenced from gt_obj.o(.constdata)
 <LI><a href="#[91]">_scroll_by_x</a> from gt_obj_scroll.o(i._scroll_by_x) referenced from gt_obj_scroll.o(i.gt_obj_scroll_to)
 <LI><a href="#[92]">_scroll_by_y</a> from gt_obj_scroll.o(i._scroll_by_y) referenced from gt_obj_scroll.o(i.gt_obj_scroll_to)
 <LI><a href="#[93]">_scroll_ready_cb</a> from gt_obj_scroll.o(i._scroll_ready_cb) referenced from gt_obj_scroll.o(i.gt_obj_scroll_to)
 <LI><a href="#[a5]">_seek_cb</a> from gt_hal_src.o(i._seek_cb) referenced from gt_hal_src.o(i.gt_src_init)
 <LI><a href="#[ab]">_seek_cb</a> from gt_hal_vf.o(i._seek_cb) referenced from gt_hal_vf.o(i.gt_vf_init)
 <LI><a href="#[a6]">_tell_cb</a> from gt_hal_src.o(i._tell_cb) referenced from gt_hal_src.o(i.gt_src_init)
 <LI><a href="#[ac]">_tell_cb</a> from gt_hal_vf.o(i._tell_cb) referenced from gt_hal_vf.o(i.gt_vf_init)
 <LI><a href="#[aa]">_write_cb</a> from gt_hal_vf.o(i._write_cb) referenced from gt_hal_vf.o(i.gt_vf_init)
 <LI><a href="#[77]">fputc</a> from bsp_uart.o(i.fputc) referenced from printfa.o(i.__0printf)
 <LI><a href="#[8f]">gt_indev_handler</a> from gt_indev.o(i.gt_indev_handler) referenced from gt_hal_indev.o(i.gt_indev_drv_register)
 <LI><a href="#[b6]">gt_init_screen_home</a> from gt_init_screen_home.o(i.gt_init_screen_home) referenced from gt_ui.o(.constdata)
 <LI><a href="#[78]">input_func</a> from gt_sjpg.o(i.input_func) referenced from gt_sjpg.o(i._common_sjpg_info)
 <LI><a href="#[78]">input_func</a> from gt_sjpg.o(i.input_func) referenced from gt_sjpg.o(i._common_sjpg_open)
 <LI><a href="#[78]">input_func</a> from gt_sjpg.o(i.input_func) referenced from gt_sjpg.o(i._gt_sjpg_read_line)
 <LI><a href="#[6c]">main</a> from main.o(i.main) referenced from entry9a.o(.ARM.Collect$$$$0000000B)
 <LI><a href="#[7e]">output_func</a> from gt_sjpg.o(i.output_func) referenced from gt_sjpg.o(i._gt_sjpg_read_line)
 <LI><a href="#[99]">read_cb</a> from main.o(i.read_cb) referenced from gt_port_indev.o(i.gt_port_indev_init)
 <LI><a href="#[9a]">read_cb_btn</a> from main.o(i.read_cb_btn) referenced from gt_port_indev.o(i.gt_port_indev_init)
 <LI><a href="#[9b]">spi_wr</a> from main.o(i.spi_wr) referenced from gt_port_vf.o(i.gt_port_vf_init)
</UL>
<P>
<H3>
Global Symbols
</H3>
<P><STRONG><a name="[6e]"></a>__main</STRONG> (Thumb, 0 bytes, Stack size unknown bytes, entry.o(.ARM.Collect$$$$00000000))
<BR>[Address Reference Count : 1]<UL><LI> startup_at32f435_437.o(.text)
</UL>
<P><STRONG><a name="[3ba]"></a>_main_stk</STRONG> (Thumb, 0 bytes, Stack size unknown bytes, entry2.o(.ARM.Collect$$$$00000001))

<P><STRONG><a name="[b8]"></a>_main_scatterload</STRONG> (Thumb, 0 bytes, Stack size unknown bytes, entry5.o(.ARM.Collect$$$$00000004))
<BR><BR>[Calls]<UL><LI><a href="#[b9]">&gt;&gt;</a>&nbsp;&nbsp;&nbsp;__scatterload
</UL>

<P><STRONG><a name="[f5]"></a>__main_after_scatterload</STRONG> (Thumb, 0 bytes, Stack size unknown bytes, entry5.o(.ARM.Collect$$$$00000004))
<BR><BR>[Called By]<UL><LI><a href="#[b9]">&gt;&gt;</a>&nbsp;&nbsp;&nbsp;__scatterload
</UL>

<P><STRONG><a name="[3bb]"></a>_main_clock</STRONG> (Thumb, 0 bytes, Stack size unknown bytes, entry7b.o(.ARM.Collect$$$$00000008))

<P><STRONG><a name="[3bc]"></a>_main_cpp_init</STRONG> (Thumb, 0 bytes, Stack size unknown bytes, entry8b.o(.ARM.Collect$$$$0000000A))

<P><STRONG><a name="[3bd]"></a>_main_init</STRONG> (Thumb, 0 bytes, Stack size unknown bytes, entry9a.o(.ARM.Collect$$$$0000000B))

<P><STRONG><a name="[3be]"></a>__rt_lib_shutdown_fini</STRONG> (Thumb, 0 bytes, Stack size unknown bytes, entry12b.o(.ARM.Collect$$$$0000000E))

<P><STRONG><a name="[3bf]"></a>__rt_final_cpp</STRONG> (Thumb, 0 bytes, Stack size unknown bytes, entry10a.o(.ARM.Collect$$$$0000000F))

<P><STRONG><a name="[3c0]"></a>__rt_final_exit</STRONG> (Thumb, 0 bytes, Stack size unknown bytes, entry11a.o(.ARM.Collect$$$$00000011))

<P><STRONG><a name="[2]"></a>Reset_Handler</STRONG> (Thumb, 8 bytes, Stack size 0 bytes, startup_at32f435_437.o(.text))
<BR>[Address Reference Count : 1]<UL><LI> startup_at32f435_437.o(RESET)
</UL>
<P><STRONG><a name="[60]"></a>ACC_IRQHandler</STRONG> (Thumb, 0 bytes, Stack size 0 bytes, startup_at32f435_437.o(.text))
<BR><BR>[Calls]<UL><LI><a href="#[60]">&gt;&gt;</a>&nbsp;&nbsp;&nbsp;ACC_IRQHandler
</UL>
<BR>[Called By]<UL><LI><a href="#[60]">&gt;&gt;</a>&nbsp;&nbsp;&nbsp;ACC_IRQHandler
</UL>
<BR>[Address Reference Count : 1]<UL><LI> startup_at32f435_437.o(RESET)
</UL>
<P><STRONG><a name="[1e]"></a>ADC1_2_3_IRQHandler</STRONG> (Thumb, 0 bytes, Stack size 0 bytes, startup_at32f435_437.o(.text))
<BR>[Address Reference Count : 1]<UL><LI> startup_at32f435_437.o(RESET)
</UL>
<P><STRONG><a name="[20]"></a>CAN1_RX0_IRQHandler</STRONG> (Thumb, 0 bytes, Stack size 0 bytes, startup_at32f435_437.o(.text))
<BR>[Address Reference Count : 1]<UL><LI> startup_at32f435_437.o(RESET)
</UL>
<P><STRONG><a name="[21]"></a>CAN1_RX1_IRQHandler</STRONG> (Thumb, 0 bytes, Stack size 0 bytes, startup_at32f435_437.o(.text))
<BR>[Address Reference Count : 1]<UL><LI> startup_at32f435_437.o(RESET)
</UL>
<P><STRONG><a name="[22]"></a>CAN1_SE_IRQHandler</STRONG> (Thumb, 0 bytes, Stack size 0 bytes, startup_at32f435_437.o(.text))
<BR>[Address Reference Count : 1]<UL><LI> startup_at32f435_437.o(RESET)
</UL>
<P><STRONG><a name="[1f]"></a>CAN1_TX_IRQHandler</STRONG> (Thumb, 0 bytes, Stack size 0 bytes, startup_at32f435_437.o(.text))
<BR>[Address Reference Count : 1]<UL><LI> startup_at32f435_437.o(RESET)
</UL>
<P><STRONG><a name="[4c]"></a>CAN2_RX0_IRQHandler</STRONG> (Thumb, 0 bytes, Stack size 0 bytes, startup_at32f435_437.o(.text))
<BR>[Address Reference Count : 1]<UL><LI> startup_at32f435_437.o(RESET)
</UL>
<P><STRONG><a name="[4d]"></a>CAN2_RX1_IRQHandler</STRONG> (Thumb, 0 bytes, Stack size 0 bytes, startup_at32f435_437.o(.text))
<BR>[Address Reference Count : 1]<UL><LI> startup_at32f435_437.o(RESET)
</UL>
<P><STRONG><a name="[4e]"></a>CAN2_SE_IRQHandler</STRONG> (Thumb, 0 bytes, Stack size 0 bytes, startup_at32f435_437.o(.text))
<BR>[Address Reference Count : 1]<UL><LI> startup_at32f435_437.o(RESET)
</UL>
<P><STRONG><a name="[4b]"></a>CAN2_TX_IRQHandler</STRONG> (Thumb, 0 bytes, Stack size 0 bytes, startup_at32f435_437.o(.text))
<BR>[Address Reference Count : 1]<UL><LI> startup_at32f435_437.o(RESET)
</UL>
<P><STRONG><a name="[11]"></a>CRM_IRQHandler</STRONG> (Thumb, 0 bytes, Stack size 0 bytes, startup_at32f435_437.o(.text))
<BR>[Address Reference Count : 1]<UL><LI> startup_at32f435_437.o(RESET)
</UL>
<P><STRONG><a name="[44]"></a>DMA1_Channel1_IRQHandler</STRONG> (Thumb, 0 bytes, Stack size 0 bytes, startup_at32f435_437.o(.text))
<BR>[Address Reference Count : 1]<UL><LI> startup_at32f435_437.o(RESET)
</UL>
<P><STRONG><a name="[45]"></a>DMA1_Channel2_IRQHandler</STRONG> (Thumb, 0 bytes, Stack size 0 bytes, startup_at32f435_437.o(.text))
<BR>[Address Reference Count : 1]<UL><LI> startup_at32f435_437.o(RESET)
</UL>
<P><STRONG><a name="[46]"></a>DMA1_Channel3_IRQHandler</STRONG> (Thumb, 0 bytes, Stack size 0 bytes, startup_at32f435_437.o(.text))
<BR>[Address Reference Count : 1]<UL><LI> startup_at32f435_437.o(RESET)
</UL>
<P><STRONG><a name="[47]"></a>DMA1_Channel4_IRQHandler</STRONG> (Thumb, 0 bytes, Stack size 0 bytes, startup_at32f435_437.o(.text))
<BR>[Address Reference Count : 1]<UL><LI> startup_at32f435_437.o(RESET)
</UL>
<P><STRONG><a name="[48]"></a>DMA1_Channel5_IRQHandler</STRONG> (Thumb, 0 bytes, Stack size 0 bytes, startup_at32f435_437.o(.text))
<BR>[Address Reference Count : 1]<UL><LI> startup_at32f435_437.o(RESET)
</UL>
<P><STRONG><a name="[50]"></a>DMA1_Channel6_IRQHandler</STRONG> (Thumb, 0 bytes, Stack size 0 bytes, startup_at32f435_437.o(.text))
<BR>[Address Reference Count : 1]<UL><LI> startup_at32f435_437.o(RESET)
</UL>
<P><STRONG><a name="[51]"></a>DMA1_Channel7_IRQHandler</STRONG> (Thumb, 0 bytes, Stack size 0 bytes, startup_at32f435_437.o(.text))
<BR>[Address Reference Count : 1]<UL><LI> startup_at32f435_437.o(RESET)
</UL>
<P><STRONG><a name="[65]"></a>DMA2_Channel1_IRQHandler</STRONG> (Thumb, 0 bytes, Stack size 0 bytes, startup_at32f435_437.o(.text))
<BR>[Address Reference Count : 1]<UL><LI> startup_at32f435_437.o(RESET)
</UL>
<P><STRONG><a name="[66]"></a>DMA2_Channel2_IRQHandler</STRONG> (Thumb, 0 bytes, Stack size 0 bytes, startup_at32f435_437.o(.text))
<BR>[Address Reference Count : 1]<UL><LI> startup_at32f435_437.o(RESET)
</UL>
<P><STRONG><a name="[67]"></a>DMA2_Channel3_IRQHandler</STRONG> (Thumb, 0 bytes, Stack size 0 bytes, startup_at32f435_437.o(.text))
<BR>[Address Reference Count : 1]<UL><LI> startup_at32f435_437.o(RESET)
</UL>
<P><STRONG><a name="[68]"></a>DMA2_Channel4_IRQHandler</STRONG> (Thumb, 0 bytes, Stack size 0 bytes, startup_at32f435_437.o(.text))
<BR>[Address Reference Count : 1]<UL><LI> startup_at32f435_437.o(RESET)
</UL>
<P><STRONG><a name="[69]"></a>DMA2_Channel5_IRQHandler</STRONG> (Thumb, 0 bytes, Stack size 0 bytes, startup_at32f435_437.o(.text))
<BR>[Address Reference Count : 1]<UL><LI> startup_at32f435_437.o(RESET)
</UL>
<P><STRONG><a name="[6a]"></a>DMA2_Channel6_IRQHandler</STRONG> (Thumb, 0 bytes, Stack size 0 bytes, startup_at32f435_437.o(.text))
<BR>[Address Reference Count : 1]<UL><LI> startup_at32f435_437.o(RESET)
</UL>
<P><STRONG><a name="[6b]"></a>DMA2_Channel7_IRQHandler</STRONG> (Thumb, 0 bytes, Stack size 0 bytes, startup_at32f435_437.o(.text))
<BR>[Address Reference Count : 1]<UL><LI> startup_at32f435_437.o(RESET)
</UL>
<P><STRONG><a name="[5e]"></a>DMAMUX_IRQHandler</STRONG> (Thumb, 0 bytes, Stack size 0 bytes, startup_at32f435_437.o(.text))
<BR>[Address Reference Count : 1]<UL><LI> startup_at32f435_437.o(RESET)
</UL>
<P><STRONG><a name="[57]"></a>DVP_IRQHandler</STRONG> (Thumb, 0 bytes, Stack size 0 bytes, startup_at32f435_437.o(.text))
<BR>[Address Reference Count : 1]<UL><LI> startup_at32f435_437.o(RESET)
</UL>
<P><STRONG><a name="[17]"></a>EDMA_Stream1_IRQHandler</STRONG> (Thumb, 0 bytes, Stack size 0 bytes, startup_at32f435_437.o(.text))
<BR>[Address Reference Count : 1]<UL><LI> startup_at32f435_437.o(RESET)
</UL>
<P><STRONG><a name="[18]"></a>EDMA_Stream2_IRQHandler</STRONG> (Thumb, 0 bytes, Stack size 0 bytes, startup_at32f435_437.o(.text))
<BR>[Address Reference Count : 1]<UL><LI> startup_at32f435_437.o(RESET)
</UL>
<P><STRONG><a name="[19]"></a>EDMA_Stream3_IRQHandler</STRONG> (Thumb, 0 bytes, Stack size 0 bytes, startup_at32f435_437.o(.text))
<BR>[Address Reference Count : 1]<UL><LI> startup_at32f435_437.o(RESET)
</UL>
<P><STRONG><a name="[1a]"></a>EDMA_Stream4_IRQHandler</STRONG> (Thumb, 0 bytes, Stack size 0 bytes, startup_at32f435_437.o(.text))
<BR>[Address Reference Count : 1]<UL><LI> startup_at32f435_437.o(RESET)
</UL>
<P><STRONG><a name="[1b]"></a>EDMA_Stream5_IRQHandler</STRONG> (Thumb, 0 bytes, Stack size 0 bytes, startup_at32f435_437.o(.text))
<BR>[Address Reference Count : 1]<UL><LI> startup_at32f435_437.o(RESET)
</UL>
<P><STRONG><a name="[1c]"></a>EDMA_Stream6_IRQHandler</STRONG> (Thumb, 0 bytes, Stack size 0 bytes, startup_at32f435_437.o(.text))
<BR>[Address Reference Count : 1]<UL><LI> startup_at32f435_437.o(RESET)
</UL>
<P><STRONG><a name="[1d]"></a>EDMA_Stream7_IRQHandler</STRONG> (Thumb, 0 bytes, Stack size 0 bytes, startup_at32f435_437.o(.text))
<BR>[Address Reference Count : 1]<UL><LI> startup_at32f435_437.o(RESET)
</UL>
<P><STRONG><a name="[3b]"></a>EDMA_Stream8_IRQHandler</STRONG> (Thumb, 0 bytes, Stack size 0 bytes, startup_at32f435_437.o(.text))
<BR>[Address Reference Count : 1]<UL><LI> startup_at32f435_437.o(RESET)
</UL>
<P><STRONG><a name="[49]"></a>EMAC_IRQHandler</STRONG> (Thumb, 0 bytes, Stack size 0 bytes, startup_at32f435_437.o(.text))
<BR>[Address Reference Count : 1]<UL><LI> startup_at32f435_437.o(RESET)
</UL>
<P><STRONG><a name="[4a]"></a>EMAC_WKUP_IRQHandler</STRONG> (Thumb, 0 bytes, Stack size 0 bytes, startup_at32f435_437.o(.text))
<BR>[Address Reference Count : 1]<UL><LI> startup_at32f435_437.o(RESET)
</UL>
<P><STRONG><a name="[35]"></a>ERTCAlarm_IRQHandler</STRONG> (Thumb, 0 bytes, Stack size 0 bytes, startup_at32f435_437.o(.text))
<BR>[Address Reference Count : 1]<UL><LI> startup_at32f435_437.o(RESET)
</UL>
<P><STRONG><a name="[f]"></a>ERTC_WKUP_IRQHandler</STRONG> (Thumb, 0 bytes, Stack size 0 bytes, startup_at32f435_437.o(.text))
<BR>[Address Reference Count : 1]<UL><LI> startup_at32f435_437.o(RESET)
</UL>
<P><STRONG><a name="[12]"></a>EXINT0_IRQHandler</STRONG> (Thumb, 0 bytes, Stack size 0 bytes, startup_at32f435_437.o(.text))
<BR>[Address Reference Count : 1]<UL><LI> startup_at32f435_437.o(RESET)
</UL>
<P><STRONG><a name="[34]"></a>EXINT15_10_IRQHandler</STRONG> (Thumb, 0 bytes, Stack size 0 bytes, startup_at32f435_437.o(.text))
<BR>[Address Reference Count : 1]<UL><LI> startup_at32f435_437.o(RESET)
</UL>
<P><STRONG><a name="[13]"></a>EXINT1_IRQHandler</STRONG> (Thumb, 0 bytes, Stack size 0 bytes, startup_at32f435_437.o(.text))
<BR>[Address Reference Count : 1]<UL><LI> startup_at32f435_437.o(RESET)
</UL>
<P><STRONG><a name="[14]"></a>EXINT2_IRQHandler</STRONG> (Thumb, 0 bytes, Stack size 0 bytes, startup_at32f435_437.o(.text))
<BR>[Address Reference Count : 1]<UL><LI> startup_at32f435_437.o(RESET)
</UL>
<P><STRONG><a name="[15]"></a>EXINT3_IRQHandler</STRONG> (Thumb, 0 bytes, Stack size 0 bytes, startup_at32f435_437.o(.text))
<BR>[Address Reference Count : 1]<UL><LI> startup_at32f435_437.o(RESET)
</UL>
<P><STRONG><a name="[16]"></a>EXINT4_IRQHandler</STRONG> (Thumb, 0 bytes, Stack size 0 bytes, startup_at32f435_437.o(.text))
<BR>[Address Reference Count : 1]<UL><LI> startup_at32f435_437.o(RESET)
</UL>
<P><STRONG><a name="[23]"></a>EXINT9_5_IRQHandler</STRONG> (Thumb, 0 bytes, Stack size 0 bytes, startup_at32f435_437.o(.text))
<BR>[Address Reference Count : 1]<UL><LI> startup_at32f435_437.o(RESET)
</UL>
<P><STRONG><a name="[10]"></a>FLASH_IRQHandler</STRONG> (Thumb, 0 bytes, Stack size 0 bytes, startup_at32f435_437.o(.text))
<BR>[Address Reference Count : 1]<UL><LI> startup_at32f435_437.o(RESET)
</UL>
<P><STRONG><a name="[58]"></a>FPU_IRQHandler</STRONG> (Thumb, 0 bytes, Stack size 0 bytes, startup_at32f435_437.o(.text))
<BR>[Address Reference Count : 1]<UL><LI> startup_at32f435_437.o(RESET)
</UL>
<P><STRONG><a name="[2c]"></a>I2C1_ERR_IRQHandler</STRONG> (Thumb, 0 bytes, Stack size 0 bytes, startup_at32f435_437.o(.text))
<BR>[Address Reference Count : 1]<UL><LI> startup_at32f435_437.o(RESET)
</UL>
<P><STRONG><a name="[2b]"></a>I2C1_EVT_IRQHandler</STRONG> (Thumb, 0 bytes, Stack size 0 bytes, startup_at32f435_437.o(.text))
<BR>[Address Reference Count : 1]<UL><LI> startup_at32f435_437.o(RESET)
</UL>
<P><STRONG><a name="[2e]"></a>I2C2_ERR_IRQHandler</STRONG> (Thumb, 0 bytes, Stack size 0 bytes, startup_at32f435_437.o(.text))
<BR>[Address Reference Count : 1]<UL><LI> startup_at32f435_437.o(RESET)
</UL>
<P><STRONG><a name="[2d]"></a>I2C2_EVT_IRQHandler</STRONG> (Thumb, 0 bytes, Stack size 0 bytes, startup_at32f435_437.o(.text))
<BR>[Address Reference Count : 1]<UL><LI> startup_at32f435_437.o(RESET)
</UL>
<P><STRONG><a name="[54]"></a>I2C3_ERR_IRQHandler</STRONG> (Thumb, 0 bytes, Stack size 0 bytes, startup_at32f435_437.o(.text))
<BR>[Address Reference Count : 1]<UL><LI> startup_at32f435_437.o(RESET)
</UL>
<P><STRONG><a name="[53]"></a>I2C3_EVT_IRQHandler</STRONG> (Thumb, 0 bytes, Stack size 0 bytes, startup_at32f435_437.o(.text))
<BR>[Address Reference Count : 1]<UL><LI> startup_at32f435_437.o(RESET)
</UL>
<P><STRONG><a name="[4f]"></a>OTGFS1_IRQHandler</STRONG> (Thumb, 0 bytes, Stack size 0 bytes, startup_at32f435_437.o(.text))
<BR>[Address Reference Count : 1]<UL><LI> startup_at32f435_437.o(RESET)
</UL>
<P><STRONG><a name="[36]"></a>OTGFS1_WKUP_IRQHandler</STRONG> (Thumb, 0 bytes, Stack size 0 bytes, startup_at32f435_437.o(.text))
<BR>[Address Reference Count : 1]<UL><LI> startup_at32f435_437.o(RESET)
</UL>
<P><STRONG><a name="[56]"></a>OTGFS2_IRQHandler</STRONG> (Thumb, 0 bytes, Stack size 0 bytes, startup_at32f435_437.o(.text))
<BR>[Address Reference Count : 1]<UL><LI> startup_at32f435_437.o(RESET)
</UL>
<P><STRONG><a name="[55]"></a>OTGFS2_WKUP_IRQHandler</STRONG> (Thumb, 0 bytes, Stack size 0 bytes, startup_at32f435_437.o(.text))
<BR>[Address Reference Count : 1]<UL><LI> startup_at32f435_437.o(RESET)
</UL>
<P><STRONG><a name="[d]"></a>PVM_IRQHandler</STRONG> (Thumb, 0 bytes, Stack size 0 bytes, startup_at32f435_437.o(.text))
<BR>[Address Reference Count : 1]<UL><LI> startup_at32f435_437.o(RESET)
</UL>
<P><STRONG><a name="[5d]"></a>QSPI1_IRQHandler</STRONG> (Thumb, 0 bytes, Stack size 0 bytes, startup_at32f435_437.o(.text))
<BR>[Address Reference Count : 1]<UL><LI> startup_at32f435_437.o(RESET)
</UL>
<P><STRONG><a name="[5c]"></a>QSPI2_IRQHandler</STRONG> (Thumb, 0 bytes, Stack size 0 bytes, startup_at32f435_437.o(.text))
<BR>[Address Reference Count : 1]<UL><LI> startup_at32f435_437.o(RESET)
</UL>
<P><STRONG><a name="[2f]"></a>SPI1_IRQHandler</STRONG> (Thumb, 0 bytes, Stack size 0 bytes, startup_at32f435_437.o(.text))
<BR>[Address Reference Count : 1]<UL><LI> startup_at32f435_437.o(RESET)
</UL>
<P><STRONG><a name="[30]"></a>SPI2_I2S2EXT_IRQHandler</STRONG> (Thumb, 0 bytes, Stack size 0 bytes, startup_at32f435_437.o(.text))
<BR>[Address Reference Count : 1]<UL><LI> startup_at32f435_437.o(RESET)
</UL>
<P><STRONG><a name="[3f]"></a>SPI3_I2S3EXT_IRQHandler</STRONG> (Thumb, 0 bytes, Stack size 0 bytes, startup_at32f435_437.o(.text))
<BR>[Address Reference Count : 1]<UL><LI> startup_at32f435_437.o(RESET)
</UL>
<P><STRONG><a name="[5b]"></a>SPI4_IRQHandler</STRONG> (Thumb, 0 bytes, Stack size 0 bytes, startup_at32f435_437.o(.text))
<BR>[Address Reference Count : 1]<UL><LI> startup_at32f435_437.o(RESET)
</UL>
<P><STRONG><a name="[e]"></a>TAMP_STAMP_IRQHandler</STRONG> (Thumb, 0 bytes, Stack size 0 bytes, startup_at32f435_437.o(.text))
<BR>[Address Reference Count : 1]<UL><LI> startup_at32f435_437.o(RESET)
</UL>
<P><STRONG><a name="[24]"></a>TMR1_BRK_TMR9_IRQHandler</STRONG> (Thumb, 0 bytes, Stack size 0 bytes, startup_at32f435_437.o(.text))
<BR>[Address Reference Count : 1]<UL><LI> startup_at32f435_437.o(RESET)
</UL>
<P><STRONG><a name="[27]"></a>TMR1_CH_IRQHandler</STRONG> (Thumb, 0 bytes, Stack size 0 bytes, startup_at32f435_437.o(.text))
<BR>[Address Reference Count : 1]<UL><LI> startup_at32f435_437.o(RESET)
</UL>
<P><STRONG><a name="[25]"></a>TMR1_OVF_TMR10_IRQHandler</STRONG> (Thumb, 0 bytes, Stack size 0 bytes, startup_at32f435_437.o(.text))
<BR>[Address Reference Count : 1]<UL><LI> startup_at32f435_437.o(RESET)
</UL>
<P><STRONG><a name="[26]"></a>TMR1_TRG_HALL_TMR11_IRQHandler</STRONG> (Thumb, 0 bytes, Stack size 0 bytes, startup_at32f435_437.o(.text))
<BR>[Address Reference Count : 1]<UL><LI> startup_at32f435_437.o(RESET)
</UL>
<P><STRONG><a name="[61]"></a>TMR20_BRK_IRQHandler</STRONG> (Thumb, 0 bytes, Stack size 0 bytes, startup_at32f435_437.o(.text))
<BR>[Address Reference Count : 1]<UL><LI> startup_at32f435_437.o(RESET)
</UL>
<P><STRONG><a name="[64]"></a>TMR20_CH_IRQHandler</STRONG> (Thumb, 0 bytes, Stack size 0 bytes, startup_at32f435_437.o(.text))
<BR>[Address Reference Count : 1]<UL><LI> startup_at32f435_437.o(RESET)
</UL>
<P><STRONG><a name="[62]"></a>TMR20_OVF_IRQHandler</STRONG> (Thumb, 0 bytes, Stack size 0 bytes, startup_at32f435_437.o(.text))
<BR>[Address Reference Count : 1]<UL><LI> startup_at32f435_437.o(RESET)
</UL>
<P><STRONG><a name="[63]"></a>TMR20_TRG_HALL_IRQHandler</STRONG> (Thumb, 0 bytes, Stack size 0 bytes, startup_at32f435_437.o(.text))
<BR>[Address Reference Count : 1]<UL><LI> startup_at32f435_437.o(RESET)
</UL>
<P><STRONG><a name="[28]"></a>TMR2_GLOBAL_IRQHandler</STRONG> (Thumb, 0 bytes, Stack size 0 bytes, startup_at32f435_437.o(.text))
<BR>[Address Reference Count : 1]<UL><LI> startup_at32f435_437.o(RESET)
</UL>
<P><STRONG><a name="[29]"></a>TMR3_GLOBAL_IRQHandler</STRONG> (Thumb, 0 bytes, Stack size 0 bytes, startup_at32f435_437.o(.text))
<BR>[Address Reference Count : 1]<UL><LI> startup_at32f435_437.o(RESET)
</UL>
<P><STRONG><a name="[2a]"></a>TMR4_GLOBAL_IRQHandler</STRONG> (Thumb, 0 bytes, Stack size 0 bytes, startup_at32f435_437.o(.text))
<BR>[Address Reference Count : 1]<UL><LI> startup_at32f435_437.o(RESET)
</UL>
<P><STRONG><a name="[3e]"></a>TMR5_GLOBAL_IRQHandler</STRONG> (Thumb, 0 bytes, Stack size 0 bytes, startup_at32f435_437.o(.text))
<BR>[Address Reference Count : 1]<UL><LI> startup_at32f435_437.o(RESET)
</UL>
<P><STRONG><a name="[42]"></a>TMR6_DAC_GLOBAL_IRQHandler</STRONG> (Thumb, 0 bytes, Stack size 0 bytes, startup_at32f435_437.o(.text))
<BR>[Address Reference Count : 1]<UL><LI> startup_at32f435_437.o(RESET)
</UL>
<P><STRONG><a name="[43]"></a>TMR7_GLOBAL_IRQHandler</STRONG> (Thumb, 0 bytes, Stack size 0 bytes, startup_at32f435_437.o(.text))
<BR>[Address Reference Count : 1]<UL><LI> startup_at32f435_437.o(RESET)
</UL>
<P><STRONG><a name="[37]"></a>TMR8_BRK_TMR12_IRQHandler</STRONG> (Thumb, 0 bytes, Stack size 0 bytes, startup_at32f435_437.o(.text))
<BR>[Address Reference Count : 1]<UL><LI> startup_at32f435_437.o(RESET)
</UL>
<P><STRONG><a name="[3a]"></a>TMR8_CH_IRQHandler</STRONG> (Thumb, 0 bytes, Stack size 0 bytes, startup_at32f435_437.o(.text))
<BR>[Address Reference Count : 1]<UL><LI> startup_at32f435_437.o(RESET)
</UL>
<P><STRONG><a name="[38]"></a>TMR8_OVF_TMR13_IRQHandler</STRONG> (Thumb, 0 bytes, Stack size 0 bytes, startup_at32f435_437.o(.text))
<BR>[Address Reference Count : 1]<UL><LI> startup_at32f435_437.o(RESET)
</UL>
<P><STRONG><a name="[39]"></a>TMR8_TRG_HALL_TMR14_IRQHandler</STRONG> (Thumb, 0 bytes, Stack size 0 bytes, startup_at32f435_437.o(.text))
<BR>[Address Reference Count : 1]<UL><LI> startup_at32f435_437.o(RESET)
</UL>
<P><STRONG><a name="[40]"></a>UART4_IRQHandler</STRONG> (Thumb, 0 bytes, Stack size 0 bytes, startup_at32f435_437.o(.text))
<BR>[Address Reference Count : 1]<UL><LI> startup_at32f435_437.o(RESET)
</UL>
<P><STRONG><a name="[41]"></a>UART5_IRQHandler</STRONG> (Thumb, 0 bytes, Stack size 0 bytes, startup_at32f435_437.o(.text))
<BR>[Address Reference Count : 1]<UL><LI> startup_at32f435_437.o(RESET)
</UL>
<P><STRONG><a name="[59]"></a>UART7_IRQHandler</STRONG> (Thumb, 0 bytes, Stack size 0 bytes, startup_at32f435_437.o(.text))
<BR>[Address Reference Count : 1]<UL><LI> startup_at32f435_437.o(RESET)
</UL>
<P><STRONG><a name="[5a]"></a>UART8_IRQHandler</STRONG> (Thumb, 0 bytes, Stack size 0 bytes, startup_at32f435_437.o(.text))
<BR>[Address Reference Count : 1]<UL><LI> startup_at32f435_437.o(RESET)
</UL>
<P><STRONG><a name="[32]"></a>USART2_IRQHandler</STRONG> (Thumb, 0 bytes, Stack size 0 bytes, startup_at32f435_437.o(.text))
<BR>[Address Reference Count : 1]<UL><LI> startup_at32f435_437.o(RESET)
</UL>
<P><STRONG><a name="[33]"></a>USART3_IRQHandler</STRONG> (Thumb, 0 bytes, Stack size 0 bytes, startup_at32f435_437.o(.text))
<BR>[Address Reference Count : 1]<UL><LI> startup_at32f435_437.o(RESET)
</UL>
<P><STRONG><a name="[52]"></a>USART6_IRQHandler</STRONG> (Thumb, 0 bytes, Stack size 0 bytes, startup_at32f435_437.o(.text))
<BR>[Address Reference Count : 1]<UL><LI> startup_at32f435_437.o(RESET)
</UL>
<P><STRONG><a name="[c]"></a>WWDT_IRQHandler</STRONG> (Thumb, 0 bytes, Stack size 0 bytes, startup_at32f435_437.o(.text))
<BR>[Address Reference Count : 1]<UL><LI> startup_at32f435_437.o(RESET)
</UL>
<P><STRONG><a name="[3c]"></a>XMC_IRQHandler</STRONG> (Thumb, 0 bytes, Stack size 0 bytes, startup_at32f435_437.o(.text))
<BR>[Address Reference Count : 1]<UL><LI> startup_at32f435_437.o(RESET)
</UL>
<P><STRONG><a name="[ba]"></a>GT_Font_Init</STRONG> (Thumb, 376 bytes, Stack size 184 bytes, gt_gui_driver.o(.text))
<BR><BR>[Stack]<UL><LI>Max Depth = 608<LI>Call Chain = GT_Font_Init &rArr; MD5Final &rArr; MD5Update &rArr; MD5Transform
</UL>
<BR>[Calls]<UL><LI><a href="#[be]">&gt;&gt;</a>&nbsp;&nbsp;&nbsp;MD5Update
<LI><a href="#[bd]">&gt;&gt;</a>&nbsp;&nbsp;&nbsp;MD5Init
<LI><a href="#[bf]">&gt;&gt;</a>&nbsp;&nbsp;&nbsp;MD5Final
<LI><a href="#[bb]">&gt;&gt;</a>&nbsp;&nbsp;&nbsp;gt_read_data
<LI><a href="#[c0]">&gt;&gt;</a>&nbsp;&nbsp;&nbsp;memcmp
<LI><a href="#[bc]">&gt;&gt;</a>&nbsp;&nbsp;&nbsp;__aeabi_memclr
</UL>
<BR>[Called By]<UL><LI><a href="#[6c]">&gt;&gt;</a>&nbsp;&nbsp;&nbsp;main
</UL>

<P><STRONG><a name="[2c9]"></a>GT_Set_Chinese_Charset_Type</STRONG> (Thumb, 12 bytes, Stack size 0 bytes, gt_gui_driver.o(.text))
<BR><BR>[Called By]<UL><LI><a href="#[14c]">&gt;&gt;</a>&nbsp;&nbsp;&nbsp;gt_font_one_char_code_len_get
</UL>

<P><STRONG><a name="[d2]"></a>GT_Get_Chinese_Charset_Type</STRONG> (Thumb, 12 bytes, Stack size 0 bytes, gt_gui_driver.o(.text))
<BR><BR>[Called By]<UL><LI><a href="#[c4]">&gt;&gt;</a>&nbsp;&nbsp;&nbsp;Unicode_to_xxxx_vec
</UL>

<P><STRONG><a name="[b7]"></a>GT_GetVec</STRONG> (Thumb, 98 bytes, Stack size 40 bytes, gt_gui_driver.o(.text))
<BR><BR>[Stack]<UL><LI>Max Depth = 1212<LI>Call Chain = GT_GetVec &rArr; get_font &rArr; Draw_hz &rArr; getBhDetailData &rArr; bending &rArr; BSpline
</UL>
<BR>[Calls]<UL><LI><a href="#[c5]">&gt;&gt;</a>&nbsp;&nbsp;&nbsp;get_font
<LI><a href="#[c6]">&gt;&gt;</a>&nbsp;&nbsp;&nbsp;Gray_Process
<LI><a href="#[c4]">&gt;&gt;</a>&nbsp;&nbsp;&nbsp;Unicode_to_xxxx_vec
</UL>
<BR>[Address Reference Count : 1]<UL><LI> gt_gui_driver.o(.rodata.gt_get_font_func)
</UL>
<P><STRONG><a name="[c7]"></a>get_font_st</STRONG> (Thumb, 244 bytes, Stack size 32 bytes, gt_gui_driver.o(.text), UNUSED)
<BR><BR>[Calls]<UL><LI><a href="#[c9]">&gt;&gt;</a>&nbsp;&nbsp;&nbsp;selectAddr
<LI><a href="#[c8]">&gt;&gt;</a>&nbsp;&nbsp;&nbsp;codeToNo
<LI><a href="#[ca]">&gt;&gt;</a>&nbsp;&nbsp;&nbsp;LoadFontAddr
<LI><a href="#[cb]">&gt;&gt;</a>&nbsp;&nbsp;&nbsp;Draw_hz
<LI><a href="#[cc]">&gt;&gt;</a>&nbsp;&nbsp;&nbsp;Draw_fh
<LI><a href="#[bc]">&gt;&gt;</a>&nbsp;&nbsp;&nbsp;__aeabi_memclr
</UL>

<P><STRONG><a name="[c5]"></a>get_font</STRONG> (Thumb, 240 bytes, Stack size 40 bytes, gt_gui_driver.o(.text))
<BR><BR>[Stack]<UL><LI>Max Depth = 1172<LI>Call Chain = get_font &rArr; Draw_hz &rArr; getBhDetailData &rArr; bending &rArr; BSpline
</UL>
<BR>[Calls]<UL><LI><a href="#[c9]">&gt;&gt;</a>&nbsp;&nbsp;&nbsp;selectAddr
<LI><a href="#[c8]">&gt;&gt;</a>&nbsp;&nbsp;&nbsp;codeToNo
<LI><a href="#[ca]">&gt;&gt;</a>&nbsp;&nbsp;&nbsp;LoadFontAddr
<LI><a href="#[cb]">&gt;&gt;</a>&nbsp;&nbsp;&nbsp;Draw_hz
<LI><a href="#[cc]">&gt;&gt;</a>&nbsp;&nbsp;&nbsp;Draw_fh
<LI><a href="#[bc]">&gt;&gt;</a>&nbsp;&nbsp;&nbsp;__aeabi_memclr
</UL>
<BR>[Called By]<UL><LI><a href="#[d1]">&gt;&gt;</a>&nbsp;&nbsp;&nbsp;get_Font_Gray
<LI><a href="#[b7]">&gt;&gt;</a>&nbsp;&nbsp;&nbsp;GT_GetVec
<LI><a href="#[d6]">&gt;&gt;</a>&nbsp;&nbsp;&nbsp;get_vec_font_width
</UL>

<P><STRONG><a name="[c6]"></a>Gray_Process</STRONG> (Thumb, 1324 bytes, Stack size 72 bytes, gt_gui_driver.o(.text))
<BR><BR>[Stack]<UL><LI>Max Depth = 72<LI>Call Chain = Gray_Process
</UL>
<BR>[Calls]<UL><LI><a href="#[bc]">&gt;&gt;</a>&nbsp;&nbsp;&nbsp;__aeabi_memclr
</UL>
<BR>[Called By]<UL><LI><a href="#[d1]">&gt;&gt;</a>&nbsp;&nbsp;&nbsp;get_Font_Gray
<LI><a href="#[b7]">&gt;&gt;</a>&nbsp;&nbsp;&nbsp;GT_GetVec
</UL>

<P><STRONG><a name="[d1]"></a>get_Font_Gray</STRONG> (Thumb, 98 bytes, Stack size 32 bytes, gt_gui_driver.o(.text), UNUSED)
<BR><BR>[Calls]<UL><LI><a href="#[c5]">&gt;&gt;</a>&nbsp;&nbsp;&nbsp;get_font
<LI><a href="#[c6]">&gt;&gt;</a>&nbsp;&nbsp;&nbsp;Gray_Process
</UL>

<P><STRONG><a name="[d7]"></a>get_width_func_vec</STRONG> (Thumb, 110 bytes, Stack size 32 bytes, gt_gui_driver.o(.text))
<BR><BR>[Stack]<UL><LI>Max Depth = 32<LI>Call Chain = get_width_func_vec
</UL>
<BR>[Called By]<UL><LI><a href="#[d6]">&gt;&gt;</a>&nbsp;&nbsp;&nbsp;get_vec_font_width
</UL>

<P><STRONG><a name="[d3]"></a>UnicodeToGBK</STRONG> (Thumb, 166 bytes, Stack size 16 bytes, gt_gui_driver.o(.text))
<BR><BR>[Stack]<UL><LI>Max Depth = 72<LI>Call Chain = UnicodeToGBK &rArr; r_dat_bat &rArr; spiflash_read &rArr; spi_bytes_read
</UL>
<BR>[Calls]<UL><LI><a href="#[ce]">&gt;&gt;</a>&nbsp;&nbsp;&nbsp;r_dat_bat
</UL>
<BR>[Called By]<UL><LI><a href="#[c4]">&gt;&gt;</a>&nbsp;&nbsp;&nbsp;Unicode_to_xxxx_vec
</UL>

<P><STRONG><a name="[d4]"></a>GBKToUnicode</STRONG> (Thumb, 246 bytes, Stack size 16 bytes, gt_gui_driver.o(.text), UNUSED)
<BR><BR>[Calls]<UL><LI><a href="#[ce]">&gt;&gt;</a>&nbsp;&nbsp;&nbsp;r_dat_bat
</UL>

<P><STRONG><a name="[d5]"></a>GT_Get_Font_Width</STRONG> (Thumb, 34 bytes, Stack size 8 bytes, gt_gui_driver.o(.text))
<BR><BR>[Stack]<UL><LI>Max Depth = 1212<LI>Call Chain = GT_Get_Font_Width &rArr; get_vec_font_width &rArr; get_font &rArr; Draw_hz &rArr; getBhDetailData &rArr; bending &rArr; BSpline
</UL>
<BR>[Calls]<UL><LI><a href="#[d6]">&gt;&gt;</a>&nbsp;&nbsp;&nbsp;get_vec_font_width
</UL>
<BR>[Called By]<UL><LI><a href="#[153]">&gt;&gt;</a>&nbsp;&nbsp;&nbsp;gt_font_get_one_word_width
</UL>

<P><STRONG><a name="[3c1]"></a>GT_Get_Font_Height</STRONG> (Thumb, 10 bytes, Stack size 0 bytes, gt_gui_driver.o(.text), UNUSED)

<P><STRONG><a name="[2c6]"></a>GT_Check_Is_Vec</STRONG> (Thumb, 10 bytes, Stack size 0 bytes, gt_gui_driver.o(.text))
<BR><BR>[Called By]<UL><LI><a href="#[153]">&gt;&gt;</a>&nbsp;&nbsp;&nbsp;gt_font_get_one_word_width
<LI><a href="#[290]">&gt;&gt;</a>&nbsp;&nbsp;&nbsp;gt_font_get_dot
<LI><a href="#[150]">&gt;&gt;</a>&nbsp;&nbsp;&nbsp;gt_font_code_transform
</UL>

<P><STRONG><a name="[d9]"></a>GT_Get_Font_Func_S</STRONG> (Thumb, 18 bytes, Stack size 0 bytes, gt_gui_driver.o(.text))
<BR><BR>[Called By]<UL><LI><a href="#[290]">&gt;&gt;</a>&nbsp;&nbsp;&nbsp;gt_font_get_dot
<LI><a href="#[150]">&gt;&gt;</a>&nbsp;&nbsp;&nbsp;gt_font_code_transform
<LI><a href="#[d8]">&gt;&gt;</a>&nbsp;&nbsp;&nbsp;GT_Get_Font_Type
</UL>

<P><STRONG><a name="[d8]"></a>GT_Get_Font_Type</STRONG> (Thumb, 16 bytes, Stack size 8 bytes, gt_gui_driver.o(.text))
<BR><BR>[Stack]<UL><LI>Max Depth = 8<LI>Call Chain = GT_Get_Font_Type
</UL>
<BR>[Calls]<UL><LI><a href="#[d9]">&gt;&gt;</a>&nbsp;&nbsp;&nbsp;GT_Get_Font_Func_S
</UL>
<BR>[Called By]<UL><LI><a href="#[14d]">&gt;&gt;</a>&nbsp;&nbsp;&nbsp;gt_font_type_get
</UL>

<P><STRONG><a name="[2c7]"></a>GT_Font_Code_Transform</STRONG> (Thumb, 24 bytes, Stack size 0 bytes, gt_gui_driver.o(.text))
<BR><BR>[Called By]<UL><LI><a href="#[150]">&gt;&gt;</a>&nbsp;&nbsp;&nbsp;gt_font_code_transform
</UL>

<P><STRONG><a name="[2c8]"></a>GT_Get_Font_Convertor_Data</STRONG> (Thumb, 24 bytes, Stack size 0 bytes, gt_gui_driver.o(.text))
<BR><BR>[Called By]<UL><LI><a href="#[151]">&gt;&gt;</a>&nbsp;&nbsp;&nbsp;gt_font_convertor_data_get
</UL>

<P><STRONG><a name="[e6]"></a>__aeabi_uldivmod</STRONG> (Thumb, 98 bytes, Stack size 40 bytes, uldiv.o(.text))
<BR><BR>[Stack]<UL><LI>Max Depth = 40<LI>Call Chain = __aeabi_uldivmod
</UL>
<BR>[Calls]<UL><LI><a href="#[e7]">&gt;&gt;</a>&nbsp;&nbsp;&nbsp;__aeabi_llsr
<LI><a href="#[e8]">&gt;&gt;</a>&nbsp;&nbsp;&nbsp;__aeabi_llsl
</UL>
<BR>[Called By]<UL><LI><a href="#[3ae]">&gt;&gt;</a>&nbsp;&nbsp;&nbsp;system_core_clock_update
<LI><a href="#[257]">&gt;&gt;</a>&nbsp;&nbsp;&nbsp;crm_clocks_freq_get
<LI><a href="#[e9]">&gt;&gt;</a>&nbsp;&nbsp;&nbsp;__aeabi_ldivmod
<LI><a href="#[10d]">&gt;&gt;</a>&nbsp;&nbsp;&nbsp;_printf_core
<LI><a href="#[16c]">&gt;&gt;</a>&nbsp;&nbsp;&nbsp;_fp_digits
</UL>

<P><STRONG><a name="[e9]"></a>__aeabi_ldivmod</STRONG> (Thumb, 98 bytes, Stack size 24 bytes, ldiv.o(.text))
<BR><BR>[Stack]<UL><LI>Max Depth = 64<LI>Call Chain = __aeabi_ldivmod &rArr; __aeabi_uldivmod
</UL>
<BR>[Calls]<UL><LI><a href="#[e6]">&gt;&gt;</a>&nbsp;&nbsp;&nbsp;__aeabi_uldivmod
</UL>
<BR>[Called By]<UL><LI><a href="#[253]">&gt;&gt;</a>&nbsp;&nbsp;&nbsp;disk_ioctl
</UL>

<P><STRONG><a name="[2cc]"></a>tolower</STRONG> (Thumb, 12 bytes, Stack size 0 bytes, tolower.o(.text))
<BR><BR>[Called By]<UL><LI><a href="#[2cb]">&gt;&gt;</a>&nbsp;&nbsp;&nbsp;gt_fs_get_src_type
</UL>

<P><STRONG><a name="[3c2]"></a>____aeabi_memcpy8$ret$move</STRONG> (Thumb, 0 bytes, Stack size 8 bytes, memmove.o(.text), UNUSED)

<P><STRONG><a name="[3c3]"></a>___aeabi_memmove$ret</STRONG> (Thumb, 0 bytes, Stack size 8 bytes, memmove.o(.text), UNUSED)

<P><STRONG><a name="[3c4]"></a>___aeabi_memmove4$ret</STRONG> (Thumb, 0 bytes, Stack size 8 bytes, memmove.o(.text), UNUSED)

<P><STRONG><a name="[3c5]"></a>___aeabi_memmove8$ret</STRONG> (Thumb, 0 bytes, Stack size 8 bytes, memmove.o(.text), UNUSED)

<P><STRONG><a name="[c1]"></a>__aeabi_memcpy</STRONG> (Thumb, 66 bytes, Stack size 8 bytes, memmove.o(.text))
<BR><BR>[Stack]<UL><LI>Max Depth = 8<LI>Call Chain = __aeabi_memcpy
</UL>
<BR>[Called By]<UL><LI><a href="#[244]">&gt;&gt;</a>&nbsp;&nbsp;&nbsp;f_read
<LI><a href="#[170]">&gt;&gt;</a>&nbsp;&nbsp;&nbsp;gt_font_split
<LI><a href="#[286]">&gt;&gt;</a>&nbsp;&nbsp;&nbsp;draw_text_single_line
<LI><a href="#[287]">&gt;&gt;</a>&nbsp;&nbsp;&nbsp;draw_text_multiple_line
<LI><a href="#[14b]">&gt;&gt;</a>&nbsp;&nbsp;&nbsp;_draw_text_convertor_split
<LI><a href="#[172]">&gt;&gt;</a>&nbsp;&nbsp;&nbsp;_get_convertor_string_width
<LI><a href="#[148]">&gt;&gt;</a>&nbsp;&nbsp;&nbsp;_draw_content_or_get_words
<LI><a href="#[282]">&gt;&gt;</a>&nbsp;&nbsp;&nbsp;sd_write_disk
<LI><a href="#[281]">&gt;&gt;</a>&nbsp;&nbsp;&nbsp;sd_read_disk
<LI><a href="#[be]">&gt;&gt;</a>&nbsp;&nbsp;&nbsp;MD5Update
<LI><a href="#[293]">&gt;&gt;</a>&nbsp;&nbsp;&nbsp;f_mkfs
</UL>

<P><STRONG><a name="[154]"></a>__aeabi_memcpy4</STRONG> (Thumb, 0 bytes, Stack size 8 bytes, memmove.o(.text))
<BR><BR>[Stack]<UL><LI>Max Depth = 8<LI>Call Chain = __aeabi_memcpy4
</UL>
<BR>[Called By]<UL><LI><a href="#[2b9]">&gt;&gt;</a>&nbsp;&nbsp;&nbsp;gt_disp_stack_push_scr_only_st
<LI><a href="#[2b5]">&gt;&gt;</a>&nbsp;&nbsp;&nbsp;gt_disp_ref_area
<LI><a href="#[1e2]">&gt;&gt;</a>&nbsp;&nbsp;&nbsp;draw_bg_img
<LI><a href="#[286]">&gt;&gt;</a>&nbsp;&nbsp;&nbsp;draw_text_single_line
<LI><a href="#[287]">&gt;&gt;</a>&nbsp;&nbsp;&nbsp;draw_text_multiple_line
<LI><a href="#[14b]">&gt;&gt;</a>&nbsp;&nbsp;&nbsp;_draw_text_convertor_split
<LI><a href="#[86]">&gt;&gt;</a>&nbsp;&nbsp;&nbsp;_gt_anim_path_bounce
<LI><a href="#[172]">&gt;&gt;</a>&nbsp;&nbsp;&nbsp;_get_convertor_string_width
<LI><a href="#[265]">&gt;&gt;</a>&nbsp;&nbsp;&nbsp;readChunk_zTXt
<LI><a href="#[266]">&gt;&gt;</a>&nbsp;&nbsp;&nbsp;readChunk_iTXt
<LI><a href="#[26c]">&gt;&gt;</a>&nbsp;&nbsp;&nbsp;readChunk_iCCP
</UL>

<P><STRONG><a name="[2ea]"></a>memcpy</STRONG> (Thumb, 0 bytes, Stack size 8 bytes, memmove.o(.text))
<BR><BR>[Stack]<UL><LI>Max Depth = 8<LI>Call Chain = memcpy
</UL>
<BR>[Called By]<UL><LI><a href="#[1ca]">&gt;&gt;</a>&nbsp;&nbsp;&nbsp;gt_memcpy
</UL>

<P><STRONG><a name="[2eb]"></a>memmove</STRONG> (Thumb, 0 bytes, Stack size 8 bytes, memmove.o(.text))
<BR><BR>[Stack]<UL><LI>Max Depth = 8<LI>Call Chain = memmove
</UL>
<BR>[Called By]<UL><LI><a href="#[15e]">&gt;&gt;</a>&nbsp;&nbsp;&nbsp;gt_memmove
</UL>

<P><STRONG><a name="[ea]"></a>__aeabi_memset</STRONG> (Thumb, 14 bytes, Stack size 0 bytes, memseta.o(.text))
<BR><BR>[Called By]<UL><LI><a href="#[250]">&gt;&gt;</a>&nbsp;&nbsp;&nbsp;create_name
<LI><a href="#[eb]">&gt;&gt;</a>&nbsp;&nbsp;&nbsp;memset
<LI><a href="#[bc]">&gt;&gt;</a>&nbsp;&nbsp;&nbsp;__aeabi_memclr
</UL>

<P><STRONG><a name="[3c6]"></a>__aeabi_memset4</STRONG> (Thumb, 0 bytes, Stack size 0 bytes, memseta.o(.text), UNUSED)

<P><STRONG><a name="[3c7]"></a>__aeabi_memset8</STRONG> (Thumb, 0 bytes, Stack size 0 bytes, memseta.o(.text), UNUSED)

<P><STRONG><a name="[bc]"></a>__aeabi_memclr</STRONG> (Thumb, 4 bytes, Stack size 0 bytes, memseta.o(.text))
<BR><BR>[Calls]<UL><LI><a href="#[ea]">&gt;&gt;</a>&nbsp;&nbsp;&nbsp;__aeabi_memset
</UL>
<BR>[Called By]<UL><LI><a href="#[ba]">&gt;&gt;</a>&nbsp;&nbsp;&nbsp;GT_Font_Init
<LI><a href="#[c7]">&gt;&gt;</a>&nbsp;&nbsp;&nbsp;get_font_st
<LI><a href="#[c5]">&gt;&gt;</a>&nbsp;&nbsp;&nbsp;get_font
<LI><a href="#[c6]">&gt;&gt;</a>&nbsp;&nbsp;&nbsp;Gray_Process
<LI><a href="#[293]">&gt;&gt;</a>&nbsp;&nbsp;&nbsp;f_mkfs
<LI><a href="#[27c]">&gt;&gt;</a>&nbsp;&nbsp;&nbsp;dir_register
<LI><a href="#[252]">&gt;&gt;</a>&nbsp;&nbsp;&nbsp;create_partition
</UL>

<P><STRONG><a name="[e4]"></a>__aeabi_memclr4</STRONG> (Thumb, 0 bytes, Stack size 0 bytes, memseta.o(.text))
<BR><BR>[Called By]<UL><LI><a href="#[212]">&gt;&gt;</a>&nbsp;&nbsp;&nbsp;spi_flash_data_test
<LI><a href="#[241]">&gt;&gt;</a>&nbsp;&nbsp;&nbsp;f_open
<LI><a href="#[146]">&gt;&gt;</a>&nbsp;&nbsp;&nbsp;gt_draw_blend
<LI><a href="#[1e2]">&gt;&gt;</a>&nbsp;&nbsp;&nbsp;draw_bg_img
<LI><a href="#[1e7]">&gt;&gt;</a>&nbsp;&nbsp;&nbsp;draw_bg
<LI><a href="#[286]">&gt;&gt;</a>&nbsp;&nbsp;&nbsp;draw_text_single_line
<LI><a href="#[287]">&gt;&gt;</a>&nbsp;&nbsp;&nbsp;draw_text_multiple_line
<LI><a href="#[14b]">&gt;&gt;</a>&nbsp;&nbsp;&nbsp;_draw_text_convertor_split
<LI><a href="#[324]">&gt;&gt;</a>&nbsp;&nbsp;&nbsp;mcu_load
<LI><a href="#[138]">&gt;&gt;</a>&nbsp;&nbsp;&nbsp;jd_prepare
<LI><a href="#[139]">&gt;&gt;</a>&nbsp;&nbsp;&nbsp;_common_sjpg_open
<LI><a href="#[135]">&gt;&gt;</a>&nbsp;&nbsp;&nbsp;_common_sjpg_info
<LI><a href="#[172]">&gt;&gt;</a>&nbsp;&nbsp;&nbsp;_get_convertor_string_width
<LI><a href="#[ad]">&gt;&gt;</a>&nbsp;&nbsp;&nbsp;_init_cb
<LI><a href="#[148]">&gt;&gt;</a>&nbsp;&nbsp;&nbsp;_draw_content_or_get_words
<LI><a href="#[e0]">&gt;&gt;</a>&nbsp;&nbsp;&nbsp;ClearScanData
<LI><a href="#[29c]">&gt;&gt;</a>&nbsp;&nbsp;&nbsp;sync_fs
<LI><a href="#[278]">&gt;&gt;</a>&nbsp;&nbsp;&nbsp;dir_clear
</UL>

<P><STRONG><a name="[3c8]"></a>__aeabi_memclr8</STRONG> (Thumb, 0 bytes, Stack size 0 bytes, memseta.o(.text), UNUSED)

<P><STRONG><a name="[eb]"></a>memset</STRONG> (Thumb, 18 bytes, Stack size 8 bytes, memseta.o(.text))
<BR><BR>[Stack]<UL><LI>Max Depth = 8<LI>Call Chain = memset
</UL>
<BR>[Calls]<UL><LI><a href="#[ea]">&gt;&gt;</a>&nbsp;&nbsp;&nbsp;__aeabi_memset
</UL>
<BR>[Called By]<UL><LI><a href="#[12f]">&gt;&gt;</a>&nbsp;&nbsp;&nbsp;gt_memset_0
<LI><a href="#[184]">&gt;&gt;</a>&nbsp;&nbsp;&nbsp;gt_memset
</UL>

<P><STRONG><a name="[251]"></a>strchr</STRONG> (Thumb, 20 bytes, Stack size 0 bytes, strchr.o(.text))
<BR><BR>[Called By]<UL><LI><a href="#[250]">&gt;&gt;</a>&nbsp;&nbsp;&nbsp;create_name
</UL>

<P><STRONG><a name="[1a3]"></a>strlen</STRONG> (Thumb, 14 bytes, Stack size 0 bytes, strlen.o(.text))
<BR><BR>[Called By]<UL><LI><a href="#[1cd]">&gt;&gt;</a>&nbsp;&nbsp;&nbsp;gt_fs_get_ext
<LI><a href="#[1c8]">&gt;&gt;</a>&nbsp;&nbsp;&nbsp;_is_png_file_ext
<LI><a href="#[1a2]">&gt;&gt;</a>&nbsp;&nbsp;&nbsp;_gt_gb_font_one_char_code_len_get
<LI><a href="#[2cf]">&gt;&gt;</a>&nbsp;&nbsp;&nbsp;gt_img_set_src
<LI><a href="#[2e6]">&gt;&gt;</a>&nbsp;&nbsp;&nbsp;gt_textarea_add_str
</UL>

<P><STRONG><a name="[1eb]"></a>strcmp</STRONG> (Thumb, 28 bytes, Stack size 8 bytes, strcmp.o(.text))
<BR><BR>[Stack]<UL><LI>Max Depth = 8<LI>Call Chain = strcmp
</UL>
<BR>[Called By]<UL><LI><a href="#[1c8]">&gt;&gt;</a>&nbsp;&nbsp;&nbsp;_is_png_file_ext
<LI><a href="#[a7]">&gt;&gt;</a>&nbsp;&nbsp;&nbsp;_open_cb
<LI><a href="#[a2]">&gt;&gt;</a>&nbsp;&nbsp;&nbsp;_open_cb
<LI><a href="#[2cf]">&gt;&gt;</a>&nbsp;&nbsp;&nbsp;gt_img_set_src
</UL>

<P><STRONG><a name="[c0]"></a>memcmp</STRONG> (Thumb, 26 bytes, Stack size 12 bytes, memcmp.o(.text))
<BR><BR>[Stack]<UL><LI>Max Depth = 12<LI>Call Chain = memcmp
</UL>
<BR>[Called By]<UL><LI><a href="#[ba]">&gt;&gt;</a>&nbsp;&nbsp;&nbsp;GT_Font_Init
<LI><a href="#[212]">&gt;&gt;</a>&nbsp;&nbsp;&nbsp;spi_flash_data_test
<LI><a href="#[136]">&gt;&gt;</a>&nbsp;&nbsp;&nbsp;gt_memcmp
<LI><a href="#[297]">&gt;&gt;</a>&nbsp;&nbsp;&nbsp;follow_path
<LI><a href="#[235]">&gt;&gt;</a>&nbsp;&nbsp;&nbsp;check_fs
</UL>

<P><STRONG><a name="[2d0]"></a>strcpy</STRONG> (Thumb, 18 bytes, Stack size 0 bytes, strcpy.o(.text))
<BR><BR>[Called By]<UL><LI><a href="#[2cf]">&gt;&gt;</a>&nbsp;&nbsp;&nbsp;gt_img_set_src
</UL>

<P><STRONG><a name="[ec]"></a>__aeabi_dadd</STRONG> (Thumb, 322 bytes, Stack size 48 bytes, dadd.o(.text), UNUSED)
<BR><BR>[Calls]<UL><LI><a href="#[ed]">&gt;&gt;</a>&nbsp;&nbsp;&nbsp;__aeabi_lasr
<LI><a href="#[e8]">&gt;&gt;</a>&nbsp;&nbsp;&nbsp;__aeabi_llsl
<LI><a href="#[ef]">&gt;&gt;</a>&nbsp;&nbsp;&nbsp;_double_round
<LI><a href="#[ee]">&gt;&gt;</a>&nbsp;&nbsp;&nbsp;_double_epilogue
</UL>
<BR>[Called By]<UL><LI><a href="#[f0]">&gt;&gt;</a>&nbsp;&nbsp;&nbsp;__aeabi_dsub
<LI><a href="#[f1]">&gt;&gt;</a>&nbsp;&nbsp;&nbsp;__aeabi_drsub
<LI><a href="#[16c]">&gt;&gt;</a>&nbsp;&nbsp;&nbsp;_fp_digits
</UL>

<P><STRONG><a name="[f0]"></a>__aeabi_dsub</STRONG> (Thumb, 6 bytes, Stack size 0 bytes, dadd.o(.text), UNUSED)
<BR><BR>[Calls]<UL><LI><a href="#[ec]">&gt;&gt;</a>&nbsp;&nbsp;&nbsp;__aeabi_dadd
</UL>

<P><STRONG><a name="[f1]"></a>__aeabi_drsub</STRONG> (Thumb, 6 bytes, Stack size 0 bytes, dadd.o(.text), UNUSED)
<BR><BR>[Calls]<UL><LI><a href="#[ec]">&gt;&gt;</a>&nbsp;&nbsp;&nbsp;__aeabi_dadd
</UL>

<P><STRONG><a name="[f2]"></a>__aeabi_dmul</STRONG> (Thumb, 228 bytes, Stack size 48 bytes, dmul.o(.text), UNUSED)
<BR><BR>[Calls]<UL><LI><a href="#[ee]">&gt;&gt;</a>&nbsp;&nbsp;&nbsp;_double_epilogue
</UL>
<BR>[Called By]<UL><LI><a href="#[16c]">&gt;&gt;</a>&nbsp;&nbsp;&nbsp;_fp_digits
</UL>

<P><STRONG><a name="[f3]"></a>__aeabi_ddiv</STRONG> (Thumb, 222 bytes, Stack size 32 bytes, ddiv.o(.text), UNUSED)
<BR><BR>[Calls]<UL><LI><a href="#[ef]">&gt;&gt;</a>&nbsp;&nbsp;&nbsp;_double_round
</UL>
<BR>[Called By]<UL><LI><a href="#[16c]">&gt;&gt;</a>&nbsp;&nbsp;&nbsp;_fp_digits
</UL>

<P><STRONG><a name="[16d]"></a>__aeabi_cdrcmple</STRONG> (Thumb, 48 bytes, Stack size 0 bytes, cdrcmple.o(.text), UNUSED)
<BR><BR>[Called By]<UL><LI><a href="#[16c]">&gt;&gt;</a>&nbsp;&nbsp;&nbsp;_fp_digits
</UL>

<P><STRONG><a name="[3c9]"></a>__aeabi_uidiv</STRONG> (Thumb, 0 bytes, Stack size 12 bytes, uidiv.o(.text), UNUSED)

<P><STRONG><a name="[1f4]"></a>__aeabi_uidivmod</STRONG> (Thumb, 44 bytes, Stack size 12 bytes, uidiv.o(.text), UNUSED)
<BR><BR>[Called By]<UL><LI><a href="#[10d]">&gt;&gt;</a>&nbsp;&nbsp;&nbsp;_printf_core
</UL>

<P><STRONG><a name="[e8]"></a>__aeabi_llsl</STRONG> (Thumb, 30 bytes, Stack size 0 bytes, llshl.o(.text))
<BR><BR>[Called By]<UL><LI><a href="#[ec]">&gt;&gt;</a>&nbsp;&nbsp;&nbsp;__aeabi_dadd
<LI><a href="#[e6]">&gt;&gt;</a>&nbsp;&nbsp;&nbsp;__aeabi_uldivmod
<LI><a href="#[ee]">&gt;&gt;</a>&nbsp;&nbsp;&nbsp;_double_epilogue
<LI><a href="#[f4]">&gt;&gt;</a>&nbsp;&nbsp;&nbsp;__aeabi_d2ulz
</UL>

<P><STRONG><a name="[3ca]"></a>_ll_shift_l</STRONG> (Thumb, 0 bytes, Stack size 0 bytes, llshl.o(.text), UNUSED)

<P><STRONG><a name="[e7]"></a>__aeabi_llsr</STRONG> (Thumb, 32 bytes, Stack size 0 bytes, llushr.o(.text))
<BR><BR>[Called By]<UL><LI><a href="#[e6]">&gt;&gt;</a>&nbsp;&nbsp;&nbsp;__aeabi_uldivmod
<LI><a href="#[ee]">&gt;&gt;</a>&nbsp;&nbsp;&nbsp;_double_epilogue
<LI><a href="#[f4]">&gt;&gt;</a>&nbsp;&nbsp;&nbsp;__aeabi_d2ulz
</UL>

<P><STRONG><a name="[3cb]"></a>_ll_ushift_r</STRONG> (Thumb, 0 bytes, Stack size 0 bytes, llushr.o(.text), UNUSED)

<P><STRONG><a name="[ed]"></a>__aeabi_lasr</STRONG> (Thumb, 36 bytes, Stack size 0 bytes, llsshr.o(.text), UNUSED)
<BR><BR>[Called By]<UL><LI><a href="#[ec]">&gt;&gt;</a>&nbsp;&nbsp;&nbsp;__aeabi_dadd
</UL>

<P><STRONG><a name="[3cc]"></a>_ll_sshift_r</STRONG> (Thumb, 0 bytes, Stack size 0 bytes, llsshr.o(.text), UNUSED)

<P><STRONG><a name="[3cd]"></a>__I$use$fp</STRONG> (Thumb, 0 bytes, Stack size 8 bytes, iusefp.o(.text), UNUSED)

<P><STRONG><a name="[ef]"></a>_double_round</STRONG> (Thumb, 30 bytes, Stack size 8 bytes, depilogue.o(.text), UNUSED)
<BR><BR>[Called By]<UL><LI><a href="#[ec]">&gt;&gt;</a>&nbsp;&nbsp;&nbsp;__aeabi_dadd
<LI><a href="#[f3]">&gt;&gt;</a>&nbsp;&nbsp;&nbsp;__aeabi_ddiv
<LI><a href="#[ee]">&gt;&gt;</a>&nbsp;&nbsp;&nbsp;_double_epilogue
</UL>

<P><STRONG><a name="[ee]"></a>_double_epilogue</STRONG> (Thumb, 156 bytes, Stack size 32 bytes, depilogue.o(.text), UNUSED)
<BR><BR>[Calls]<UL><LI><a href="#[e7]">&gt;&gt;</a>&nbsp;&nbsp;&nbsp;__aeabi_llsr
<LI><a href="#[e8]">&gt;&gt;</a>&nbsp;&nbsp;&nbsp;__aeabi_llsl
<LI><a href="#[ef]">&gt;&gt;</a>&nbsp;&nbsp;&nbsp;_double_round
</UL>
<BR>[Called By]<UL><LI><a href="#[ec]">&gt;&gt;</a>&nbsp;&nbsp;&nbsp;__aeabi_dadd
<LI><a href="#[f2]">&gt;&gt;</a>&nbsp;&nbsp;&nbsp;__aeabi_dmul
</UL>

<P><STRONG><a name="[f4]"></a>__aeabi_d2ulz</STRONG> (Thumb, 48 bytes, Stack size 0 bytes, dfixul.o(.text), UNUSED)
<BR><BR>[Calls]<UL><LI><a href="#[e7]">&gt;&gt;</a>&nbsp;&nbsp;&nbsp;__aeabi_llsr
<LI><a href="#[e8]">&gt;&gt;</a>&nbsp;&nbsp;&nbsp;__aeabi_llsl
</UL>
<BR>[Called By]<UL><LI><a href="#[16c]">&gt;&gt;</a>&nbsp;&nbsp;&nbsp;_fp_digits
</UL>

<P><STRONG><a name="[b9]"></a>__scatterload</STRONG> (Thumb, 28 bytes, Stack size 0 bytes, init.o(.text))
<BR><BR>[Calls]<UL><LI><a href="#[f5]">&gt;&gt;</a>&nbsp;&nbsp;&nbsp;__main_after_scatterload
</UL>
<BR>[Called By]<UL><LI><a href="#[b8]">&gt;&gt;</a>&nbsp;&nbsp;&nbsp;_main_scatterload
</UL>

<P><STRONG><a name="[3ce]"></a>__scatterload_rt2</STRONG> (Thumb, 0 bytes, Stack size 0 bytes, init.o(.text), UNUSED)

<P><STRONG><a name="[3cf]"></a>__decompress</STRONG> (Thumb, 0 bytes, Stack size unknown bytes, __dczerorl2.o(.text), UNUSED)

<P><STRONG><a name="[3d0]"></a>__decompress1</STRONG> (Thumb, 86 bytes, Stack size unknown bytes, __dczerorl2.o(.text), UNUSED)

<P><STRONG><a name="[6]"></a>BusFault_Handler</STRONG> (Thumb, 2 bytes, Stack size 0 bytes, at32f435_437_int.o(i.BusFault_Handler))
<BR><BR>[Calls]<UL><LI><a href="#[6]">&gt;&gt;</a>&nbsp;&nbsp;&nbsp;BusFault_Handler
</UL>
<BR>[Called By]<UL><LI><a href="#[6]">&gt;&gt;</a>&nbsp;&nbsp;&nbsp;BusFault_Handler
</UL>
<BR>[Address Reference Count : 1]<UL><LI> startup_at32f435_437.o(RESET)
</UL>
<P><STRONG><a name="[9]"></a>DebugMon_Handler</STRONG> (Thumb, 2 bytes, Stack size 0 bytes, at32f435_437_int.o(i.DebugMon_Handler))
<BR>[Address Reference Count : 1]<UL><LI> startup_at32f435_437.o(RESET)
</UL>
<P><STRONG><a name="[4]"></a>HardFault_Handler</STRONG> (Thumb, 2 bytes, Stack size 0 bytes, at32f435_437_int.o(i.HardFault_Handler))
<BR><BR>[Calls]<UL><LI><a href="#[4]">&gt;&gt;</a>&nbsp;&nbsp;&nbsp;HardFault_Handler
</UL>
<BR>[Called By]<UL><LI><a href="#[4]">&gt;&gt;</a>&nbsp;&nbsp;&nbsp;HardFault_Handler
</UL>
<BR>[Address Reference Count : 1]<UL><LI> startup_at32f435_437.o(RESET)
</UL>
<P><STRONG><a name="[5]"></a>MemManage_Handler</STRONG> (Thumb, 2 bytes, Stack size 0 bytes, at32f435_437_int.o(i.MemManage_Handler))
<BR><BR>[Calls]<UL><LI><a href="#[5]">&gt;&gt;</a>&nbsp;&nbsp;&nbsp;MemManage_Handler
</UL>
<BR>[Called By]<UL><LI><a href="#[5]">&gt;&gt;</a>&nbsp;&nbsp;&nbsp;MemManage_Handler
</UL>
<BR>[Address Reference Count : 1]<UL><LI> startup_at32f435_437.o(RESET)
</UL>
<P><STRONG><a name="[3]"></a>NMI_Handler</STRONG> (Thumb, 2 bytes, Stack size 0 bytes, at32f435_437_int.o(i.NMI_Handler))
<BR>[Address Reference Count : 1]<UL><LI> startup_at32f435_437.o(RESET)
</UL>
<P><STRONG><a name="[a]"></a>PendSV_Handler</STRONG> (Thumb, 2 bytes, Stack size 0 bytes, at32f435_437_int.o(i.PendSV_Handler))
<BR>[Address Reference Count : 1]<UL><LI> startup_at32f435_437.o(RESET)
</UL>
<P><STRONG><a name="[3d]"></a>SDIO1_IRQHandler</STRONG> (Thumb, 4 bytes, Stack size 0 bytes, at_surf_f437_board_sd_card.o(i.SDIO1_IRQHandler))
<BR><BR>[Stack]<UL><LI>Max Depth = 40<LI>Call Chain = SDIO1_IRQHandler &rArr; sd_irq_service &rArr; command_rsp1_error
</UL>
<BR>[Calls]<UL><LI><a href="#[106]">&gt;&gt;</a>&nbsp;&nbsp;&nbsp;sd_irq_service
</UL>
<BR>[Address Reference Count : 1]<UL><LI> startup_at32f435_437.o(RESET)
</UL>
<P><STRONG><a name="[5f]"></a>SDIO2_IRQHandler</STRONG> (Thumb, 4 bytes, Stack size 0 bytes, at_surf_f437_board_sd_card.o(i.SDIO2_IRQHandler))
<BR><BR>[Stack]<UL><LI>Max Depth = 40<LI>Call Chain = SDIO2_IRQHandler &rArr; sd_irq_service &rArr; command_rsp1_error
</UL>
<BR>[Calls]<UL><LI><a href="#[106]">&gt;&gt;</a>&nbsp;&nbsp;&nbsp;sd_irq_service
</UL>
<BR>[Address Reference Count : 1]<UL><LI> startup_at32f435_437.o(RESET)
</UL>
<P><STRONG><a name="[8]"></a>SVC_Handler</STRONG> (Thumb, 2 bytes, Stack size 0 bytes, at32f435_437_int.o(i.SVC_Handler))
<BR>[Address Reference Count : 1]<UL><LI> startup_at32f435_437.o(RESET)
</UL>
<P><STRONG><a name="[b]"></a>SysTick_Handler</STRONG> (Thumb, 6 bytes, Stack size 0 bytes, at32f435_437_int.o(i.SysTick_Handler))
<BR><BR>[Calls]<UL><LI><a href="#[107]">&gt;&gt;</a>&nbsp;&nbsp;&nbsp;gt_tick_inc
</UL>
<BR>[Address Reference Count : 1]<UL><LI> startup_at32f435_437.o(RESET)
</UL>
<P><STRONG><a name="[6d]"></a>SystemInit</STRONG> (Thumb, 92 bytes, Stack size 0 bytes, system_at32f435_437.o(i.SystemInit))
<BR>[Address Reference Count : 1]<UL><LI> startup_at32f435_437.o(.text)
</UL>
<P><STRONG><a name="[31]"></a>USART1_IRQHandler</STRONG> (Thumb, 96 bytes, Stack size 16 bytes, bsp_uart.o(i.USART1_IRQHandler))
<BR><BR>[Stack]<UL><LI>Max Depth = 24<LI>Call Chain = USART1_IRQHandler &rArr; bsp_wdt_init
</UL>
<BR>[Calls]<UL><LI><a href="#[108]">&gt;&gt;</a>&nbsp;&nbsp;&nbsp;usart_flag_get
<LI><a href="#[10a]">&gt;&gt;</a>&nbsp;&nbsp;&nbsp;usart_flag_clear
<LI><a href="#[109]">&gt;&gt;</a>&nbsp;&nbsp;&nbsp;usart_data_receive
<LI><a href="#[10b]">&gt;&gt;</a>&nbsp;&nbsp;&nbsp;bsp_wdt_init
</UL>
<BR>[Address Reference Count : 1]<UL><LI> startup_at32f435_437.o(RESET)
</UL>
<P><STRONG><a name="[7]"></a>UsageFault_Handler</STRONG> (Thumb, 2 bytes, Stack size 0 bytes, at32f435_437_int.o(i.UsageFault_Handler))
<BR><BR>[Calls]<UL><LI><a href="#[7]">&gt;&gt;</a>&nbsp;&nbsp;&nbsp;UsageFault_Handler
</UL>
<BR>[Called By]<UL><LI><a href="#[7]">&gt;&gt;</a>&nbsp;&nbsp;&nbsp;UsageFault_Handler
</UL>
<BR>[Address Reference Count : 1]<UL><LI> startup_at32f435_437.o(RESET)
</UL>
<P><STRONG><a name="[10c]"></a>__0printf</STRONG> (Thumb, 22 bytes, Stack size 24 bytes, printfa.o(i.__0printf), UNUSED)
<BR><BR>[Calls]<UL><LI><a href="#[10d]">&gt;&gt;</a>&nbsp;&nbsp;&nbsp;_printf_core
</UL>

<P><STRONG><a name="[3d1]"></a>__1printf</STRONG> (Thumb, 0 bytes, Stack size 24 bytes, printfa.o(i.__0printf), UNUSED)

<P><STRONG><a name="[119]"></a>__2printf</STRONG> (Thumb, 0 bytes, Stack size 24 bytes, printfa.o(i.__0printf))
<BR><BR>[Stack]<UL><LI>Max Depth = 24<LI>Call Chain = __2printf
</UL>
<BR>[Called By]<UL><LI><a href="#[212]">&gt;&gt;</a>&nbsp;&nbsp;&nbsp;spi_flash_data_test
<LI><a href="#[218]">&gt;&gt;</a>&nbsp;&nbsp;&nbsp;copy_file_to_qspi_flash
<LI><a href="#[20c]">&gt;&gt;</a>&nbsp;&nbsp;&nbsp;all_bsp_init
<LI><a href="#[1fd]">&gt;&gt;</a>&nbsp;&nbsp;&nbsp;gt_obj_set_y
<LI><a href="#[1fc]">&gt;&gt;</a>&nbsp;&nbsp;&nbsp;gt_obj_set_x
<LI><a href="#[2b1]">&gt;&gt;</a>&nbsp;&nbsp;&nbsp;gt_obj_is_child
<LI><a href="#[1f6]">&gt;&gt;</a>&nbsp;&nbsp;&nbsp;gt_obj_get_y
<LI><a href="#[20a]">&gt;&gt;</a>&nbsp;&nbsp;&nbsp;gt_obj_get_x
<LI><a href="#[11a]">&gt;&gt;</a>&nbsp;&nbsp;&nbsp;gt_obj_get_visible
<LI><a href="#[123]">&gt;&gt;</a>&nbsp;&nbsp;&nbsp;gt_obj_get_reduce
<LI><a href="#[1e1]">&gt;&gt;</a>&nbsp;&nbsp;&nbsp;gt_anim_start
<LI><a href="#[195]">&gt;&gt;</a>&nbsp;&nbsp;&nbsp;_gt_disp_reload_max_area
<LI><a href="#[2b9]">&gt;&gt;</a>&nbsp;&nbsp;&nbsp;gt_disp_stack_push_scr_only_st
<LI><a href="#[2b5]">&gt;&gt;</a>&nbsp;&nbsp;&nbsp;gt_disp_ref_area
<LI><a href="#[202]">&gt;&gt;</a>&nbsp;&nbsp;&nbsp;gt_disp_get_area_max
<LI><a href="#[203]">&gt;&gt;</a>&nbsp;&nbsp;&nbsp;gt_disp_get_area_act
<LI><a href="#[8c]">&gt;&gt;</a>&nbsp;&nbsp;&nbsp;_scr_anim_ready_cb
<LI><a href="#[8a]">&gt;&gt;</a>&nbsp;&nbsp;&nbsp;_old_scr_anim_ready_cb
<LI><a href="#[196]">&gt;&gt;</a>&nbsp;&nbsp;&nbsp;_gt_disp_set_state
<LI><a href="#[189]">&gt;&gt;</a>&nbsp;&nbsp;&nbsp;_gt_disp_get_state
<LI><a href="#[169]">&gt;&gt;</a>&nbsp;&nbsp;&nbsp;_flush_scr_by_direct
<LI><a href="#[168]">&gt;&gt;</a>&nbsp;&nbsp;&nbsp;_flush_scr_by_anim
<LI><a href="#[140]">&gt;&gt;</a>&nbsp;&nbsp;&nbsp;_create_scr_by_id
<LI><a href="#[30d]">&gt;&gt;</a>&nbsp;&nbsp;&nbsp;gt_scr_stack_set_depth
<LI><a href="#[9c]">&gt;&gt;</a>&nbsp;&nbsp;&nbsp;_free_alive_scr_object_cb
<LI><a href="#[131]">&gt;&gt;</a>&nbsp;&nbsp;&nbsp;gt_fs_close
<LI><a href="#[19b]">&gt;&gt;</a>&nbsp;&nbsp;&nbsp;gt_obj_is_bubble_notify
<LI><a href="#[19a]">&gt;&gt;</a>&nbsp;&nbsp;&nbsp;gt_obj_get_parent
<LI><a href="#[110]">&gt;&gt;</a>&nbsp;&nbsp;&nbsp;gt_event_send
<LI><a href="#[198]">&gt;&gt;</a>&nbsp;&nbsp;&nbsp;_gt_event_calling_event_cb
<LI><a href="#[28a]">&gt;&gt;</a>&nbsp;&nbsp;&nbsp;gt_right_to_left_handler
<LI><a href="#[164]">&gt;&gt;</a>&nbsp;&nbsp;&nbsp;gt_img_decoder_read_line
<LI><a href="#[284]">&gt;&gt;</a>&nbsp;&nbsp;&nbsp;gt_img_decoder_close
<LI><a href="#[11d]">&gt;&gt;</a>&nbsp;&nbsp;&nbsp;_gt_disp_update_max_area
<LI><a href="#[1e7]">&gt;&gt;</a>&nbsp;&nbsp;&nbsp;draw_bg
<LI><a href="#[286]">&gt;&gt;</a>&nbsp;&nbsp;&nbsp;draw_text_single_line
<LI><a href="#[287]">&gt;&gt;</a>&nbsp;&nbsp;&nbsp;draw_text_multiple_line
<LI><a href="#[1a4]">&gt;&gt;</a>&nbsp;&nbsp;&nbsp;_gt_get_radius_mask
<LI><a href="#[14b]">&gt;&gt;</a>&nbsp;&nbsp;&nbsp;_draw_text_convertor_split
<LI><a href="#[197]">&gt;&gt;</a>&nbsp;&nbsp;&nbsp;gt_refr_timer
<LI><a href="#[2ed]">&gt;&gt;</a>&nbsp;&nbsp;&nbsp;gt_obj_set_focus
<LI><a href="#[11b]">&gt;&gt;</a>&nbsp;&nbsp;&nbsp;gt_obj_get_virtual
<LI><a href="#[1c4]">&gt;&gt;</a>&nbsp;&nbsp;&nbsp;gt_obj_get_touch_parent
<LI><a href="#[1da]">&gt;&gt;</a>&nbsp;&nbsp;&nbsp;gt_obj_scroll_to
<LI><a href="#[18a]">&gt;&gt;</a>&nbsp;&nbsp;&nbsp;_gt_disp_hided_layer_top_widgets
<LI><a href="#[1dd]">&gt;&gt;</a>&nbsp;&nbsp;&nbsp;_scroll_predict
<LI><a href="#[1b4]">&gt;&gt;</a>&nbsp;&nbsp;&nbsp;_indev_pressed_handle
<LI><a href="#[1c1]">&gt;&gt;</a>&nbsp;&nbsp;&nbsp;_gt_timer_set_user_data
<LI><a href="#[1c0]">&gt;&gt;</a>&nbsp;&nbsp;&nbsp;_gt_timer_set_repeat_count
<LI><a href="#[17c]">&gt;&gt;</a>&nbsp;&nbsp;&nbsp;_gt_timer_set_paused
<LI><a href="#[1bf]">&gt;&gt;</a>&nbsp;&nbsp;&nbsp;_gt_timer_get_user_data
<LI><a href="#[17e]">&gt;&gt;</a>&nbsp;&nbsp;&nbsp;_gt_timer_create
<LI><a href="#[1d0]">&gt;&gt;</a>&nbsp;&nbsp;&nbsp;_gt_timer_remove_task
<LI><a href="#[2e8]">&gt;&gt;</a>&nbsp;&nbsp;&nbsp;gt_layout_row_grow
<LI><a href="#[15b]">&gt;&gt;</a>&nbsp;&nbsp;&nbsp;gt_obj_size_change
<LI><a href="#[2ec]">&gt;&gt;</a>&nbsp;&nbsp;&nbsp;gt_obj_set_visible
<LI><a href="#[188]">&gt;&gt;</a>&nbsp;&nbsp;&nbsp;gt_obj_set_virtual
<LI><a href="#[2f3]">&gt;&gt;</a>&nbsp;&nbsp;&nbsp;gt_obj_set_untouchability
<LI><a href="#[121]">&gt;&gt;</a>&nbsp;&nbsp;&nbsp;gt_obj_set_state
<LI><a href="#[2dd]">&gt;&gt;</a>&nbsp;&nbsp;&nbsp;gt_obj_set_size
<LI><a href="#[1f8]">&gt;&gt;</a>&nbsp;&nbsp;&nbsp;gt_obj_set_pos
<LI><a href="#[1bd]">&gt;&gt;</a>&nbsp;&nbsp;&nbsp;gt_obj_set_overflow
<LI><a href="#[2f2]">&gt;&gt;</a>&nbsp;&nbsp;&nbsp;gt_obj_set_opa
<LI><a href="#[2f1]">&gt;&gt;</a>&nbsp;&nbsp;&nbsp;gt_obj_set_inside
<LI><a href="#[2ee]">&gt;&gt;</a>&nbsp;&nbsp;&nbsp;gt_obj_set_focus_disabled
<LI><a href="#[2f0]">&gt;&gt;</a>&nbsp;&nbsp;&nbsp;gt_obj_set_fixed
<LI><a href="#[2ef]">&gt;&gt;</a>&nbsp;&nbsp;&nbsp;gt_obj_set_disabled
<LI><a href="#[2f4]">&gt;&gt;</a>&nbsp;&nbsp;&nbsp;gt_obj_set_area
<LI><a href="#[20b]">&gt;&gt;</a>&nbsp;&nbsp;&nbsp;gt_obj_pos_change
<LI><a href="#[1f9]">&gt;&gt;</a>&nbsp;&nbsp;&nbsp;gt_obj_get_w
<LI><a href="#[11f]">&gt;&gt;</a>&nbsp;&nbsp;&nbsp;gt_obj_get_trigger_mode
<LI><a href="#[120]">&gt;&gt;</a>&nbsp;&nbsp;&nbsp;gt_obj_get_state
<LI><a href="#[1ea]">&gt;&gt;</a>&nbsp;&nbsp;&nbsp;gt_obj_get_septal_line
<LI><a href="#[1e8]">&gt;&gt;</a>&nbsp;&nbsp;&nbsp;gt_obj_get_mask_effect
<LI><a href="#[1f7]">&gt;&gt;</a>&nbsp;&nbsp;&nbsp;gt_obj_get_h
<LI><a href="#[1be]">&gt;&gt;</a>&nbsp;&nbsp;&nbsp;gt_obj_child_set_prop
<LI><a href="#[1c5]">&gt;&gt;</a>&nbsp;&nbsp;&nbsp;_gt_obj_move_child_by
<LI><a href="#[209]">&gt;&gt;</a>&nbsp;&nbsp;&nbsp;_update_layer_top_widget_area
<LI><a href="#[132]">&gt;&gt;</a>&nbsp;&nbsp;&nbsp;_common_png_open
<LI><a href="#[a7]">&gt;&gt;</a>&nbsp;&nbsp;&nbsp;_open_cb
<LI><a href="#[a2]">&gt;&gt;</a>&nbsp;&nbsp;&nbsp;_open_cb
<LI><a href="#[1a7]">&gt;&gt;</a>&nbsp;&nbsp;&nbsp;_gt_hal_fp_init
<LI><a href="#[183]">&gt;&gt;</a>&nbsp;&nbsp;&nbsp;_gt_disp_create
<LI><a href="#[118]">&gt;&gt;</a>&nbsp;&nbsp;&nbsp;_calc_max_area_recursive
[...]
<LI><a href="#[295]">&gt;&gt;</a>&nbsp;&nbsp;&nbsp;f_mount
</UL>

<P><STRONG><a name="[236]"></a>move_window</STRONG> (Thumb, 50 bytes, Stack size 16 bytes, ff.o(i.move_window))
<BR><BR>[Stack]<UL><LI>Max Depth = 368<LI>Call Chain = move_window &rArr; sync_window &rArr; disk_write &rArr; sd_write_disk &rArr; sd_mult_blocks_write &rArr; sdio_command_data_send &rArr; sd_init &rArr; speed_change &rArr; sd_switch &rArr;  sdio_command_data_send (Cycle)
</UL>
<BR>[Calls]<UL><LI><a href="#[280]">&gt;&gt;</a>&nbsp;&nbsp;&nbsp;disk_read
<LI><a href="#[279]">&gt;&gt;</a>&nbsp;&nbsp;&nbsp;sync_window
</UL>
<BR>[Called By]<UL><LI><a href="#[241]">&gt;&gt;</a>&nbsp;&nbsp;&nbsp;f_open
<LI><a href="#[291]">&gt;&gt;</a>&nbsp;&nbsp;&nbsp;f_sync
<LI><a href="#[24d]">&gt;&gt;</a>&nbsp;&nbsp;&nbsp;put_fat
<LI><a href="#[296]">&gt;&gt;</a>&nbsp;&nbsp;&nbsp;mount_volume
<LI><a href="#[24c]">&gt;&gt;</a>&nbsp;&nbsp;&nbsp;get_fat
<LI><a href="#[297]">&gt;&gt;</a>&nbsp;&nbsp;&nbsp;follow_path
<LI><a href="#[27c]">&gt;&gt;</a>&nbsp;&nbsp;&nbsp;dir_register
<LI><a href="#[235]">&gt;&gt;</a>&nbsp;&nbsp;&nbsp;check_fs
</UL>

<P><STRONG><a name="[24d]"></a>put_fat</STRONG> (Thumb, 234 bytes, Stack size 32 bytes, ff.o(i.put_fat))
<BR><BR>[Stack]<UL><LI>Max Depth = 400<LI>Call Chain = put_fat &rArr; move_window &rArr; sync_window &rArr; disk_write &rArr; sd_write_disk &rArr; sd_mult_blocks_write &rArr; sdio_command_data_send &rArr; sd_init &rArr; speed_change &rArr; sd_switch &rArr;  sdio_command_data_send (Cycle)
</UL>
<BR>[Calls]<UL><LI><a href="#[255]">&gt;&gt;</a>&nbsp;&nbsp;&nbsp;st_word
<LI><a href="#[254]">&gt;&gt;</a>&nbsp;&nbsp;&nbsp;st_dword
<LI><a href="#[236]">&gt;&gt;</a>&nbsp;&nbsp;&nbsp;move_window
<LI><a href="#[238]">&gt;&gt;</a>&nbsp;&nbsp;&nbsp;ld_dword
</UL>
<BR>[Called By]<UL><LI><a href="#[29a]">&gt;&gt;</a>&nbsp;&nbsp;&nbsp;remove_chain
<LI><a href="#[24b]">&gt;&gt;</a>&nbsp;&nbsp;&nbsp;create_chain
</UL>

<P><STRONG><a name="[29a]"></a>remove_chain</STRONG> (Thumb, 116 bytes, Stack size 24 bytes, ff.o(i.remove_chain))
<BR><BR>[Stack]<UL><LI>Max Depth = 424<LI>Call Chain = remove_chain &rArr; put_fat &rArr; move_window &rArr; sync_window &rArr; disk_write &rArr; sd_write_disk &rArr; sd_mult_blocks_write &rArr; sdio_command_data_send &rArr; sd_init &rArr; speed_change &rArr; sd_switch &rArr;  sdio_command_data_send (Cycle)
</UL>
<BR>[Calls]<UL><LI><a href="#[24d]">&gt;&gt;</a>&nbsp;&nbsp;&nbsp;put_fat
<LI><a href="#[24c]">&gt;&gt;</a>&nbsp;&nbsp;&nbsp;get_fat
</UL>
<BR>[Called By]<UL><LI><a href="#[241]">&gt;&gt;</a>&nbsp;&nbsp;&nbsp;f_open
</UL>

<P><STRONG><a name="[299]"></a>st_clust</STRONG> (Thumb, 40 bytes, Stack size 16 bytes, ff.o(i.st_clust))
<BR><BR>[Stack]<UL><LI>Max Depth = 16<LI>Call Chain = st_clust
</UL>
<BR>[Calls]<UL><LI><a href="#[255]">&gt;&gt;</a>&nbsp;&nbsp;&nbsp;st_word
</UL>
<BR>[Called By]<UL><LI><a href="#[241]">&gt;&gt;</a>&nbsp;&nbsp;&nbsp;f_open
<LI><a href="#[291]">&gt;&gt;</a>&nbsp;&nbsp;&nbsp;f_sync
</UL>

<P><STRONG><a name="[254]"></a>st_dword</STRONG> (Thumb, 16 bytes, Stack size 0 bytes, ff.o(i.st_dword))
<BR><BR>[Called By]<UL><LI><a href="#[241]">&gt;&gt;</a>&nbsp;&nbsp;&nbsp;f_open
<LI><a href="#[291]">&gt;&gt;</a>&nbsp;&nbsp;&nbsp;f_sync
<LI><a href="#[293]">&gt;&gt;</a>&nbsp;&nbsp;&nbsp;f_mkfs
<LI><a href="#[29c]">&gt;&gt;</a>&nbsp;&nbsp;&nbsp;sync_fs
<LI><a href="#[24d]">&gt;&gt;</a>&nbsp;&nbsp;&nbsp;put_fat
<LI><a href="#[252]">&gt;&gt;</a>&nbsp;&nbsp;&nbsp;create_partition
</UL>

<P><STRONG><a name="[255]"></a>st_word</STRONG> (Thumb, 8 bytes, Stack size 0 bytes, ff.o(i.st_word))
<BR><BR>[Called By]<UL><LI><a href="#[291]">&gt;&gt;</a>&nbsp;&nbsp;&nbsp;f_sync
<LI><a href="#[293]">&gt;&gt;</a>&nbsp;&nbsp;&nbsp;f_mkfs
<LI><a href="#[29c]">&gt;&gt;</a>&nbsp;&nbsp;&nbsp;sync_fs
<LI><a href="#[299]">&gt;&gt;</a>&nbsp;&nbsp;&nbsp;st_clust
<LI><a href="#[24d]">&gt;&gt;</a>&nbsp;&nbsp;&nbsp;put_fat
<LI><a href="#[252]">&gt;&gt;</a>&nbsp;&nbsp;&nbsp;create_partition
</UL>

<P><STRONG><a name="[29c]"></a>sync_fs</STRONG> (Thumb, 124 bytes, Stack size 16 bytes, ff.o(i.sync_fs))
<BR><BR>[Stack]<UL><LI>Max Depth = 368<LI>Call Chain = sync_fs &rArr; sync_window &rArr; disk_write &rArr; sd_write_disk &rArr; sd_mult_blocks_write &rArr; sdio_command_data_send &rArr; sd_init &rArr; speed_change &rArr; sd_switch &rArr;  sdio_command_data_send (Cycle)
</UL>
<BR>[Calls]<UL><LI><a href="#[256]">&gt;&gt;</a>&nbsp;&nbsp;&nbsp;disk_write
<LI><a href="#[253]">&gt;&gt;</a>&nbsp;&nbsp;&nbsp;disk_ioctl
<LI><a href="#[279]">&gt;&gt;</a>&nbsp;&nbsp;&nbsp;sync_window
<LI><a href="#[255]">&gt;&gt;</a>&nbsp;&nbsp;&nbsp;st_word
<LI><a href="#[254]">&gt;&gt;</a>&nbsp;&nbsp;&nbsp;st_dword
<LI><a href="#[e4]">&gt;&gt;</a>&nbsp;&nbsp;&nbsp;__aeabi_memclr4
</UL>
<BR>[Called By]<UL><LI><a href="#[291]">&gt;&gt;</a>&nbsp;&nbsp;&nbsp;f_sync
</UL>

<P><STRONG><a name="[279]"></a>sync_window</STRONG> (Thumb, 70 bytes, Stack size 16 bytes, ff.o(i.sync_window))
<BR><BR>[Stack]<UL><LI>Max Depth = 352<LI>Call Chain = sync_window &rArr; disk_write &rArr; sd_write_disk &rArr; sd_mult_blocks_write &rArr; sdio_command_data_send &rArr; sd_init &rArr; speed_change &rArr; sd_switch &rArr;  sdio_command_data_send (Cycle)
</UL>
<BR>[Calls]<UL><LI><a href="#[256]">&gt;&gt;</a>&nbsp;&nbsp;&nbsp;disk_write
</UL>
<BR>[Called By]<UL><LI><a href="#[29c]">&gt;&gt;</a>&nbsp;&nbsp;&nbsp;sync_fs
<LI><a href="#[236]">&gt;&gt;</a>&nbsp;&nbsp;&nbsp;move_window
<LI><a href="#[278]">&gt;&gt;</a>&nbsp;&nbsp;&nbsp;dir_clear
</UL>

<P><STRONG><a name="[292]"></a>validate</STRONG> (Thumb, 52 bytes, Stack size 16 bytes, ff.o(i.validate))
<BR><BR>[Stack]<UL><LI>Max Depth = 16<LI>Call Chain = validate
</UL>
<BR>[Calls]<UL><LI><a href="#[355]">&gt;&gt;</a>&nbsp;&nbsp;&nbsp;disk_status
</UL>
<BR>[Called By]<UL><LI><a href="#[244]">&gt;&gt;</a>&nbsp;&nbsp;&nbsp;f_read
<LI><a href="#[24a]">&gt;&gt;</a>&nbsp;&nbsp;&nbsp;f_close
<LI><a href="#[291]">&gt;&gt;</a>&nbsp;&nbsp;&nbsp;f_sync
</UL>

<P><STRONG><a name="[cd]"></a>ASCII_GB18030</STRONG> (Thumb, 374 bytes, Stack size 0 bytes, gt_gui_driver.o(.text))
<BR><BR>[Called By]<UL><LI><a href="#[c8]">&gt;&gt;</a>&nbsp;&nbsp;&nbsp;codeToNo
</UL>

<P><STRONG><a name="[e2]"></a>BSpline</STRONG> (Thumb, 880 bytes, Stack size 268 bytes, gt_gui_driver.o(.text))
<BR><BR>[Stack]<UL><LI>Max Depth = 268<LI>Call Chain = BSpline
</UL>
<BR>[Called By]<UL><LI><a href="#[dc]">&gt;&gt;</a>&nbsp;&nbsp;&nbsp;bending
</UL>

<P><STRONG><a name="[e0]"></a>ClearScanData</STRONG> (Thumb, 64 bytes, Stack size 16 bytes, gt_gui_driver.o(.text))
<BR><BR>[Stack]<UL><LI>Max Depth = 128<LI>Call Chain = ClearScanData &rArr; ScanColumn
</UL>
<BR>[Calls]<UL><LI><a href="#[e5]">&gt;&gt;</a>&nbsp;&nbsp;&nbsp;ScanColumn
<LI><a href="#[e4]">&gt;&gt;</a>&nbsp;&nbsp;&nbsp;__aeabi_memclr4
</UL>
<BR>[Called By]<UL><LI><a href="#[d0]">&gt;&gt;</a>&nbsp;&nbsp;&nbsp;fillBuffer
</UL>

<P><STRONG><a name="[cc]"></a>Draw_fh</STRONG> (Thumb, 262 bytes, Stack size 64 bytes, gt_gui_driver.o(.text))
<BR><BR>[Stack]<UL><LI>Max Depth = 1092<LI>Call Chain = Draw_fh &rArr; getBhDetailData &rArr; bending &rArr; BSpline
</UL>
<BR>[Calls]<UL><LI><a href="#[cf]">&gt;&gt;</a>&nbsp;&nbsp;&nbsp;getBhDetailData
<LI><a href="#[d0]">&gt;&gt;</a>&nbsp;&nbsp;&nbsp;fillBuffer
<LI><a href="#[ce]">&gt;&gt;</a>&nbsp;&nbsp;&nbsp;r_dat_bat
</UL>
<BR>[Called By]<UL><LI><a href="#[c7]">&gt;&gt;</a>&nbsp;&nbsp;&nbsp;get_font_st
<LI><a href="#[c5]">&gt;&gt;</a>&nbsp;&nbsp;&nbsp;get_font
</UL>

<P><STRONG><a name="[cb]"></a>Draw_hz</STRONG> (Thumb, 592 bytes, Stack size 104 bytes, gt_gui_driver.o(.text))
<BR><BR>[Stack]<UL><LI>Max Depth = 1132<LI>Call Chain = Draw_hz &rArr; getBhDetailData &rArr; bending &rArr; BSpline
</UL>
<BR>[Calls]<UL><LI><a href="#[cf]">&gt;&gt;</a>&nbsp;&nbsp;&nbsp;getBhDetailData
<LI><a href="#[d0]">&gt;&gt;</a>&nbsp;&nbsp;&nbsp;fillBuffer
<LI><a href="#[ce]">&gt;&gt;</a>&nbsp;&nbsp;&nbsp;r_dat_bat
</UL>
<BR>[Called By]<UL><LI><a href="#[c7]">&gt;&gt;</a>&nbsp;&nbsp;&nbsp;get_font_st
<LI><a href="#[c5]">&gt;&gt;</a>&nbsp;&nbsp;&nbsp;get_font
</UL>

<P><STRONG><a name="[de]"></a>InternalPixlateData</STRONG> (Thumb, 46 bytes, Stack size 8 bytes, gt_gui_driver.o(.text))
<BR><BR>[Stack]<UL><LI>Max Depth = 120<LI>Call Chain = InternalPixlateData &rArr; ScanLine
</UL>
<BR>[Calls]<UL><LI><a href="#[e3]">&gt;&gt;</a>&nbsp;&nbsp;&nbsp;ScanLine
</UL>
<BR>[Called By]<UL><LI><a href="#[d0]">&gt;&gt;</a>&nbsp;&nbsp;&nbsp;fillBuffer
</UL>

<P><STRONG><a name="[ca]"></a>LoadFontAddr</STRONG> (Thumb, 274 bytes, Stack size 48 bytes, gt_gui_driver.o(.text))
<BR><BR>[Stack]<UL><LI>Max Depth = 104<LI>Call Chain = LoadFontAddr &rArr; r_dat_bat &rArr; spiflash_read &rArr; spi_bytes_read
</UL>
<BR>[Calls]<UL><LI><a href="#[ce]">&gt;&gt;</a>&nbsp;&nbsp;&nbsp;r_dat_bat
</UL>
<BR>[Called By]<UL><LI><a href="#[c7]">&gt;&gt;</a>&nbsp;&nbsp;&nbsp;get_font_st
<LI><a href="#[c5]">&gt;&gt;</a>&nbsp;&nbsp;&nbsp;get_font
</UL>

<P><STRONG><a name="[da]"></a>MD5Decode</STRONG> (Thumb, 24 bytes, Stack size 0 bytes, gt_gui_driver.o(.text))
<BR><BR>[Called By]<UL><LI><a href="#[c2]">&gt;&gt;</a>&nbsp;&nbsp;&nbsp;MD5Transform
</UL>

<P><STRONG><a name="[c3]"></a>MD5Encode</STRONG> (Thumb, 58 bytes, Stack size 16 bytes, gt_gui_driver.o(.text))
<BR><BR>[Stack]<UL><LI>Max Depth = 16<LI>Call Chain = MD5Encode
</UL>
<BR>[Called By]<UL><LI><a href="#[bf]">&gt;&gt;</a>&nbsp;&nbsp;&nbsp;MD5Final
</UL>

<P><STRONG><a name="[bf]"></a>MD5Final</STRONG> (Thumb, 84 bytes, Stack size 32 bytes, gt_gui_driver.o(.text))
<BR><BR>[Stack]<UL><LI>Max Depth = 424<LI>Call Chain = MD5Final &rArr; MD5Update &rArr; MD5Transform
</UL>
<BR>[Calls]<UL><LI><a href="#[be]">&gt;&gt;</a>&nbsp;&nbsp;&nbsp;MD5Update
<LI><a href="#[c3]">&gt;&gt;</a>&nbsp;&nbsp;&nbsp;MD5Encode
</UL>
<BR>[Called By]<UL><LI><a href="#[ba]">&gt;&gt;</a>&nbsp;&nbsp;&nbsp;GT_Font_Init
</UL>

<P><STRONG><a name="[bd]"></a>MD5Init</STRONG> (Thumb, 46 bytes, Stack size 8 bytes, gt_gui_driver.o(.text))
<BR><BR>[Stack]<UL><LI>Max Depth = 8<LI>Call Chain = MD5Init
</UL>
<BR>[Called By]<UL><LI><a href="#[ba]">&gt;&gt;</a>&nbsp;&nbsp;&nbsp;GT_Font_Init
</UL>

<P><STRONG><a name="[c2]"></a>MD5Transform</STRONG> (Thumb, 1864 bytes, Stack size 360 bytes, gt_gui_driver.o(.text))
<BR><BR>[Stack]<UL><LI>Max Depth = 360<LI>Call Chain = MD5Transform
</UL>
<BR>[Calls]<UL><LI><a href="#[da]">&gt;&gt;</a>&nbsp;&nbsp;&nbsp;MD5Decode
</UL>
<BR>[Called By]<UL><LI><a href="#[be]">&gt;&gt;</a>&nbsp;&nbsp;&nbsp;MD5Update
</UL>

<P><STRONG><a name="[be]"></a>MD5Update</STRONG> (Thumb, 146 bytes, Stack size 32 bytes, gt_gui_driver.o(.text))
<BR><BR>[Stack]<UL><LI>Max Depth = 392<LI>Call Chain = MD5Update &rArr; MD5Transform
</UL>
<BR>[Calls]<UL><LI><a href="#[c2]">&gt;&gt;</a>&nbsp;&nbsp;&nbsp;MD5Transform
<LI><a href="#[c1]">&gt;&gt;</a>&nbsp;&nbsp;&nbsp;__aeabi_memcpy
</UL>
<BR>[Called By]<UL><LI><a href="#[ba]">&gt;&gt;</a>&nbsp;&nbsp;&nbsp;GT_Font_Init
<LI><a href="#[bf]">&gt;&gt;</a>&nbsp;&nbsp;&nbsp;MD5Final
</UL>

<P><STRONG><a name="[df]"></a>MaskBitmap</STRONG> (Thumb, 670 bytes, Stack size 64 bytes, gt_gui_driver.o(.text))
<BR><BR>[Stack]<UL><LI>Max Depth = 64<LI>Call Chain = MaskBitmap
</UL>
<BR>[Called By]<UL><LI><a href="#[d0]">&gt;&gt;</a>&nbsp;&nbsp;&nbsp;fillBuffer
</UL>

<P><STRONG><a name="[e1]"></a>PatchBitmap</STRONG> (Thumb, 158 bytes, Stack size 40 bytes, gt_gui_driver.o(.text))
<BR><BR>[Stack]<UL><LI>Max Depth = 40<LI>Call Chain = PatchBitmap
</UL>
<BR>[Called By]<UL><LI><a href="#[d0]">&gt;&gt;</a>&nbsp;&nbsp;&nbsp;fillBuffer
</UL>

<P><STRONG><a name="[e5]"></a>ScanColumn</STRONG> (Thumb, 1288 bytes, Stack size 112 bytes, gt_gui_driver.o(.text))
<BR><BR>[Stack]<UL><LI>Max Depth = 112<LI>Call Chain = ScanColumn
</UL>
<BR>[Called By]<UL><LI><a href="#[e0]">&gt;&gt;</a>&nbsp;&nbsp;&nbsp;ClearScanData
</UL>

<P><STRONG><a name="[70]"></a>ScanDownLeft</STRONG> (Thumb, 134 bytes, Stack size 28 bytes, gt_gui_driver.o(.text))
<BR><BR>[Stack]<UL><LI>Max Depth = 28<LI>Call Chain = ScanDownLeft
</UL>
<BR>[Address Reference Count : 1]<UL><LI> gt_gui_driver.o(.text)
</UL>
<P><STRONG><a name="[74]"></a>ScanDownLeft_V</STRONG> (Thumb, 140 bytes, Stack size 28 bytes, gt_gui_driver.o(.text))
<BR><BR>[Stack]<UL><LI>Max Depth = 28<LI>Call Chain = ScanDownLeft_V
</UL>
<BR>[Address Reference Count : 1]<UL><LI> gt_gui_driver.o(.text)
</UL>
<P><STRONG><a name="[6f]"></a>ScanDownRight</STRONG> (Thumb, 134 bytes, Stack size 28 bytes, gt_gui_driver.o(.text))
<BR><BR>[Stack]<UL><LI>Max Depth = 28<LI>Call Chain = ScanDownRight
</UL>
<BR>[Address Reference Count : 1]<UL><LI> gt_gui_driver.o(.text)
</UL>
<P><STRONG><a name="[73]"></a>ScanDownRight_V</STRONG> (Thumb, 136 bytes, Stack size 28 bytes, gt_gui_driver.o(.text))
<BR><BR>[Stack]<UL><LI>Max Depth = 28<LI>Call Chain = ScanDownRight_V
</UL>
<BR>[Address Reference Count : 1]<UL><LI> gt_gui_driver.o(.text)
</UL>
<P><STRONG><a name="[e3]"></a>ScanLine</STRONG> (Thumb, 1228 bytes, Stack size 112 bytes, gt_gui_driver.o(.text))
<BR><BR>[Stack]<UL><LI>Max Depth = 112<LI>Call Chain = ScanLine
</UL>
<BR>[Called By]<UL><LI><a href="#[de]">&gt;&gt;</a>&nbsp;&nbsp;&nbsp;InternalPixlateData
</UL>

<P><STRONG><a name="[71]"></a>ScanUpperLeft</STRONG> (Thumb, 146 bytes, Stack size 32 bytes, gt_gui_driver.o(.text))
<BR><BR>[Stack]<UL><LI>Max Depth = 32<LI>Call Chain = ScanUpperLeft
</UL>
<BR>[Address Reference Count : 1]<UL><LI> gt_gui_driver.o(.text)
</UL>
<P><STRONG><a name="[75]"></a>ScanUpperLeft_V</STRONG> (Thumb, 138 bytes, Stack size 28 bytes, gt_gui_driver.o(.text))
<BR><BR>[Stack]<UL><LI>Max Depth = 28<LI>Call Chain = ScanUpperLeft_V
</UL>
<BR>[Address Reference Count : 1]<UL><LI> gt_gui_driver.o(.text)
</UL>
<P><STRONG><a name="[72]"></a>ScanUpperRight</STRONG> (Thumb, 146 bytes, Stack size 32 bytes, gt_gui_driver.o(.text))
<BR><BR>[Stack]<UL><LI>Max Depth = 32<LI>Call Chain = ScanUpperRight
</UL>
<BR>[Address Reference Count : 1]<UL><LI> gt_gui_driver.o(.text)
</UL>
<P><STRONG><a name="[76]"></a>ScanUpperRight_V</STRONG> (Thumb, 138 bytes, Stack size 28 bytes, gt_gui_driver.o(.text))
<BR><BR>[Stack]<UL><LI>Max Depth = 28<LI>Call Chain = ScanUpperRight_V
</UL>
<BR>[Address Reference Count : 1]<UL><LI> gt_gui_driver.o(.text)
</UL>
<P><STRONG><a name="[c4]"></a>Unicode_to_xxxx_vec</STRONG> (Thumb, 30 bytes, Stack size 8 bytes, gt_gui_driver.o(.text))
<BR><BR>[Stack]<UL><LI>Max Depth = 80<LI>Call Chain = Unicode_to_xxxx_vec &rArr; UnicodeToGBK &rArr; r_dat_bat &rArr; spiflash_read &rArr; spi_bytes_read
</UL>
<BR>[Calls]<UL><LI><a href="#[d3]">&gt;&gt;</a>&nbsp;&nbsp;&nbsp;UnicodeToGBK
<LI><a href="#[d2]">&gt;&gt;</a>&nbsp;&nbsp;&nbsp;GT_Get_Chinese_Charset_Type
</UL>
<BR>[Called By]<UL><LI><a href="#[b7]">&gt;&gt;</a>&nbsp;&nbsp;&nbsp;GT_GetVec
<LI><a href="#[d6]">&gt;&gt;</a>&nbsp;&nbsp;&nbsp;get_vec_font_width
</UL>

<P><STRONG><a name="[dc]"></a>bending</STRONG> (Thumb, 180 bytes, Stack size 56 bytes, gt_gui_driver.o(.text))
<BR><BR>[Stack]<UL><LI>Max Depth = 324<LI>Call Chain = bending &rArr; BSpline
</UL>
<BR>[Calls]<UL><LI><a href="#[e2]">&gt;&gt;</a>&nbsp;&nbsp;&nbsp;BSpline
</UL>
<BR>[Called By]<UL><LI><a href="#[cf]">&gt;&gt;</a>&nbsp;&nbsp;&nbsp;getBhDetailData
</UL>

<P><STRONG><a name="[c8]"></a>codeToNo</STRONG> (Thumb, 36 bytes, Stack size 8 bytes, gt_gui_driver.o(.text))
<BR><BR>[Stack]<UL><LI>Max Depth = 8<LI>Call Chain = codeToNo
</UL>
<BR>[Calls]<UL><LI><a href="#[cd]">&gt;&gt;</a>&nbsp;&nbsp;&nbsp;ASCII_GB18030
</UL>
<BR>[Called By]<UL><LI><a href="#[c7]">&gt;&gt;</a>&nbsp;&nbsp;&nbsp;get_font_st
<LI><a href="#[c5]">&gt;&gt;</a>&nbsp;&nbsp;&nbsp;get_font
</UL>

<P><STRONG><a name="[db]"></a>curvatureCal</STRONG> (Thumb, 548 bytes, Stack size 64 bytes, gt_gui_driver.o(.text))
<BR><BR>[Stack]<UL><LI>Max Depth = 64<LI>Call Chain = curvatureCal
</UL>
<BR>[Called By]<UL><LI><a href="#[cf]">&gt;&gt;</a>&nbsp;&nbsp;&nbsp;getBhDetailData
</UL>

<P><STRONG><a name="[d0]"></a>fillBuffer</STRONG> (Thumb, 52 bytes, Stack size 16 bytes, gt_gui_driver.o(.text))
<BR><BR>[Stack]<UL><LI>Max Depth = 144<LI>Call Chain = fillBuffer &rArr; ClearScanData &rArr; ScanColumn
</UL>
<BR>[Calls]<UL><LI><a href="#[e1]">&gt;&gt;</a>&nbsp;&nbsp;&nbsp;PatchBitmap
<LI><a href="#[df]">&gt;&gt;</a>&nbsp;&nbsp;&nbsp;MaskBitmap
<LI><a href="#[de]">&gt;&gt;</a>&nbsp;&nbsp;&nbsp;InternalPixlateData
<LI><a href="#[e0]">&gt;&gt;</a>&nbsp;&nbsp;&nbsp;ClearScanData
</UL>
<BR>[Called By]<UL><LI><a href="#[cb]">&gt;&gt;</a>&nbsp;&nbsp;&nbsp;Draw_hz
<LI><a href="#[cc]">&gt;&gt;</a>&nbsp;&nbsp;&nbsp;Draw_fh
</UL>

<P><STRONG><a name="[cf]"></a>getBhDetailData</STRONG> (Thumb, 1830 bytes, Stack size 704 bytes, gt_gui_driver.o(.text))
<BR><BR>[Stack]<UL><LI>Max Depth = 1028<LI>Call Chain = getBhDetailData &rArr; bending &rArr; BSpline
</UL>
<BR>[Calls]<UL><LI><a href="#[dd]">&gt;&gt;</a>&nbsp;&nbsp;&nbsp;linear
<LI><a href="#[db]">&gt;&gt;</a>&nbsp;&nbsp;&nbsp;curvatureCal
<LI><a href="#[dc]">&gt;&gt;</a>&nbsp;&nbsp;&nbsp;bending
<LI><a href="#[ce]">&gt;&gt;</a>&nbsp;&nbsp;&nbsp;r_dat_bat
</UL>
<BR>[Called By]<UL><LI><a href="#[cb]">&gt;&gt;</a>&nbsp;&nbsp;&nbsp;Draw_hz
<LI><a href="#[cc]">&gt;&gt;</a>&nbsp;&nbsp;&nbsp;Draw_fh
</UL>

<P><STRONG><a name="[d6]"></a>get_vec_font_width</STRONG> (Thumb, 94 bytes, Stack size 32 bytes, gt_gui_driver.o(.text))
<BR><BR>[Stack]<UL><LI>Max Depth = 1204<LI>Call Chain = get_vec_font_width &rArr; get_font &rArr; Draw_hz &rArr; getBhDetailData &rArr; bending &rArr; BSpline
</UL>
<BR>[Calls]<UL><LI><a href="#[d7]">&gt;&gt;</a>&nbsp;&nbsp;&nbsp;get_width_func_vec
<LI><a href="#[c5]">&gt;&gt;</a>&nbsp;&nbsp;&nbsp;get_font
<LI><a href="#[c4]">&gt;&gt;</a>&nbsp;&nbsp;&nbsp;Unicode_to_xxxx_vec
</UL>
<BR>[Called By]<UL><LI><a href="#[d5]">&gt;&gt;</a>&nbsp;&nbsp;&nbsp;GT_Get_Font_Width
</UL>

<P><STRONG><a name="[dd]"></a>linear</STRONG> (Thumb, 74 bytes, Stack size 16 bytes, gt_gui_driver.o(.text))
<BR><BR>[Stack]<UL><LI>Max Depth = 16<LI>Call Chain = linear
</UL>
<BR>[Called By]<UL><LI><a href="#[cf]">&gt;&gt;</a>&nbsp;&nbsp;&nbsp;getBhDetailData
</UL>

<P><STRONG><a name="[c9]"></a>selectAddr</STRONG> (Thumb, 40 bytes, Stack size 0 bytes, gt_gui_driver.o(.text))
<BR><BR>[Called By]<UL><LI><a href="#[c7]">&gt;&gt;</a>&nbsp;&nbsp;&nbsp;get_font_st
<LI><a href="#[c5]">&gt;&gt;</a>&nbsp;&nbsp;&nbsp;get_font
</UL>

<P><STRONG><a name="[16c]"></a>_fp_digits</STRONG> (Thumb, 366 bytes, Stack size 64 bytes, printfa.o(i._fp_digits), UNUSED)
<BR><BR>[Calls]<UL><LI><a href="#[ec]">&gt;&gt;</a>&nbsp;&nbsp;&nbsp;__aeabi_dadd
<LI><a href="#[16d]">&gt;&gt;</a>&nbsp;&nbsp;&nbsp;__aeabi_cdrcmple
<LI><a href="#[f2]">&gt;&gt;</a>&nbsp;&nbsp;&nbsp;__aeabi_dmul
<LI><a href="#[f3]">&gt;&gt;</a>&nbsp;&nbsp;&nbsp;__aeabi_ddiv
<LI><a href="#[e6]">&gt;&gt;</a>&nbsp;&nbsp;&nbsp;__aeabi_uldivmod
<LI><a href="#[f4]">&gt;&gt;</a>&nbsp;&nbsp;&nbsp;__aeabi_d2ulz
</UL>
<BR>[Called By]<UL><LI><a href="#[10d]">&gt;&gt;</a>&nbsp;&nbsp;&nbsp;_printf_core
</UL>

<P><STRONG><a name="[10d]"></a>_printf_core</STRONG> (Thumb, 1704 bytes, Stack size 136 bytes, printfa.o(i._printf_core), UNUSED)
<BR><BR>[Calls]<UL><LI><a href="#[e6]">&gt;&gt;</a>&nbsp;&nbsp;&nbsp;__aeabi_uldivmod
<LI><a href="#[1f4]">&gt;&gt;</a>&nbsp;&nbsp;&nbsp;__aeabi_uidivmod
<LI><a href="#[1f2]">&gt;&gt;</a>&nbsp;&nbsp;&nbsp;_printf_pre_padding
<LI><a href="#[1f3]">&gt;&gt;</a>&nbsp;&nbsp;&nbsp;_printf_post_padding
<LI><a href="#[16c]">&gt;&gt;</a>&nbsp;&nbsp;&nbsp;_fp_digits
</UL>
<BR>[Called By]<UL><LI><a href="#[10c]">&gt;&gt;</a>&nbsp;&nbsp;&nbsp;__0printf
</UL>

<P><STRONG><a name="[1f3]"></a>_printf_post_padding</STRONG> (Thumb, 36 bytes, Stack size 24 bytes, printfa.o(i._printf_post_padding), UNUSED)
<BR><BR>[Called By]<UL><LI><a href="#[10d]">&gt;&gt;</a>&nbsp;&nbsp;&nbsp;_printf_core
</UL>

<P><STRONG><a name="[1f2]"></a>_printf_pre_padding</STRONG> (Thumb, 46 bytes, Stack size 24 bytes, printfa.o(i._printf_pre_padding), UNUSED)
<BR><BR>[Called By]<UL><LI><a href="#[10d]">&gt;&gt;</a>&nbsp;&nbsp;&nbsp;_printf_core
</UL>
<P>
<H3>
Undefined Global Symbols
</H3><HR></body></html>
